Archive member included to satisfy reference by file (symbol)

/Applications/STM32CubeIDE.app/Contents/Eclipse/plugins/com.st.stm32cube.ide.mcu.externaltools.gnu-tools-for-stm32.12.3.rel1.macos64_1.0.200.202406191456/tools/bin/../lib/gcc/arm-none-eabi/12.3.1/../../../../arm-none-eabi/lib/thumb/v7e-m+dp/hard/libc_nano.a(libc_a-exit.o)
                              /Applications/STM32CubeIDE.app/Contents/Eclipse/plugins/com.st.stm32cube.ide.mcu.externaltools.gnu-tools-for-stm32.12.3.rel1.macos64_1.0.200.202406191456/tools/bin/../lib/gcc/arm-none-eabi/12.3.1/../../../../arm-none-eabi/lib/thumb/v7e-m+dp/hard/crt0.o (exit)
/Applications/STM32CubeIDE.app/Contents/Eclipse/plugins/com.st.stm32cube.ide.mcu.externaltools.gnu-tools-for-stm32.12.3.rel1.macos64_1.0.200.202406191456/tools/bin/../lib/gcc/arm-none-eabi/12.3.1/../../../../arm-none-eabi/lib/thumb/v7e-m+dp/hard/libc_nano.a(libc_a-findfp.o)
                              /Applications/STM32CubeIDE.app/Contents/Eclipse/plugins/com.st.stm32cube.ide.mcu.externaltools.gnu-tools-for-stm32.12.3.rel1.macos64_1.0.200.202406191456/tools/bin/../lib/gcc/arm-none-eabi/12.3.1/../../../../arm-none-eabi/lib/thumb/v7e-m+dp/hard/libc_nano.a(libc_a-exit.o) (__stdio_exit_handler)
/Applications/STM32CubeIDE.app/Contents/Eclipse/plugins/com.st.stm32cube.ide.mcu.externaltools.gnu-tools-for-stm32.12.3.rel1.macos64_1.0.200.202406191456/tools/bin/../lib/gcc/arm-none-eabi/12.3.1/../../../../arm-none-eabi/lib/thumb/v7e-m+dp/hard/libc_nano.a(libc_a-fwalk.o)
                              /Applications/STM32CubeIDE.app/Contents/Eclipse/plugins/com.st.stm32cube.ide.mcu.externaltools.gnu-tools-for-stm32.12.3.rel1.macos64_1.0.200.202406191456/tools/bin/../lib/gcc/arm-none-eabi/12.3.1/../../../../arm-none-eabi/lib/thumb/v7e-m+dp/hard/libc_nano.a(libc_a-findfp.o) (_fwalk_sglue)
/Applications/STM32CubeIDE.app/Contents/Eclipse/plugins/com.st.stm32cube.ide.mcu.externaltools.gnu-tools-for-stm32.12.3.rel1.macos64_1.0.200.202406191456/tools/bin/../lib/gcc/arm-none-eabi/12.3.1/../../../../arm-none-eabi/lib/thumb/v7e-m+dp/hard/libc_nano.a(libc_a-memset.o)
                              /Applications/STM32CubeIDE.app/Contents/Eclipse/plugins/com.st.stm32cube.ide.mcu.externaltools.gnu-tools-for-stm32.12.3.rel1.macos64_1.0.200.202406191456/tools/bin/../lib/gcc/arm-none-eabi/12.3.1/../../../../arm-none-eabi/lib/thumb/v7e-m+dp/hard/crt0.o (memset)
/Applications/STM32CubeIDE.app/Contents/Eclipse/plugins/com.st.stm32cube.ide.mcu.externaltools.gnu-tools-for-stm32.12.3.rel1.macos64_1.0.200.202406191456/tools/bin/../lib/gcc/arm-none-eabi/12.3.1/../../../../arm-none-eabi/lib/thumb/v7e-m+dp/hard/libc_nano.a(libc_a-impure.o)
                              /Applications/STM32CubeIDE.app/Contents/Eclipse/plugins/com.st.stm32cube.ide.mcu.externaltools.gnu-tools-for-stm32.12.3.rel1.macos64_1.0.200.202406191456/tools/bin/../lib/gcc/arm-none-eabi/12.3.1/../../../../arm-none-eabi/lib/thumb/v7e-m+dp/hard/libc_nano.a(libc_a-findfp.o) (_impure_data)
/Applications/STM32CubeIDE.app/Contents/Eclipse/plugins/com.st.stm32cube.ide.mcu.externaltools.gnu-tools-for-stm32.12.3.rel1.macos64_1.0.200.202406191456/tools/bin/../lib/gcc/arm-none-eabi/12.3.1/../../../../arm-none-eabi/lib/thumb/v7e-m+dp/hard/libc_nano.a(libc_a-errno.o)
                              ./Core/Src/syscalls.o (__errno)
/Applications/STM32CubeIDE.app/Contents/Eclipse/plugins/com.st.stm32cube.ide.mcu.externaltools.gnu-tools-for-stm32.12.3.rel1.macos64_1.0.200.202406191456/tools/bin/../lib/gcc/arm-none-eabi/12.3.1/../../../../arm-none-eabi/lib/thumb/v7e-m+dp/hard/libc_nano.a(libc_a-init.o)
                              /Applications/STM32CubeIDE.app/Contents/Eclipse/plugins/com.st.stm32cube.ide.mcu.externaltools.gnu-tools-for-stm32.12.3.rel1.macos64_1.0.200.202406191456/tools/bin/../lib/gcc/arm-none-eabi/12.3.1/../../../../arm-none-eabi/lib/thumb/v7e-m+dp/hard/crt0.o (__libc_init_array)
/Applications/STM32CubeIDE.app/Contents/Eclipse/plugins/com.st.stm32cube.ide.mcu.externaltools.gnu-tools-for-stm32.12.3.rel1.macos64_1.0.200.202406191456/tools/bin/../lib/gcc/arm-none-eabi/12.3.1/../../../../arm-none-eabi/lib/thumb/v7e-m+dp/hard/libc_nano.a(libc_a-lock.o)
                              /Applications/STM32CubeIDE.app/Contents/Eclipse/plugins/com.st.stm32cube.ide.mcu.externaltools.gnu-tools-for-stm32.12.3.rel1.macos64_1.0.200.202406191456/tools/bin/../lib/gcc/arm-none-eabi/12.3.1/../../../../arm-none-eabi/lib/thumb/v7e-m+dp/hard/libc_nano.a(libc_a-findfp.o) (__retarget_lock_init_recursive)
/Applications/STM32CubeIDE.app/Contents/Eclipse/plugins/com.st.stm32cube.ide.mcu.externaltools.gnu-tools-for-stm32.12.3.rel1.macos64_1.0.200.202406191456/tools/bin/../lib/gcc/arm-none-eabi/12.3.1/../../../../arm-none-eabi/lib/thumb/v7e-m+dp/hard/libc_nano.a(libc_a-mallocr.o)
[...]
Memory Configuration

Name             Origin             Length             Attributes
RAM_D1           0x24000000         0x00080000         xrw
FLASH            0x08000000         0x00100000         xr
DTCMRAM          0x20000000         0x00020000         xrw
RAM_D2           0x30000000         0x00048000         xrw
RAM_D3           0x38000000         0x00010000         xrw
ITCMRAM          0x00000000         0x00010000         xrw
*default*        0x00000000         0xffffffff

Linker script and memory map

LOAD /Applications/STM32CubeIDE.app/Contents/Eclipse/plugins/com.st.stm32cube.ide.mcu.externaltools.gnu-tools-for-stm32.12.3.rel1.macos64_1.0.200.202406191456/tools/bin/../lib/gcc/arm-none-eabi/12.3.1/thumb/v7e-m+dp/hard/crti.o
LOAD /Applications/STM32CubeIDE.app/Contents/Eclipse/plugins/com.st.stm32cube.ide.mcu.externaltools.gnu-tools-for-stm32.12.3.rel1.macos64_1.0.200.202406191456/tools/bin/../lib/gcc/arm-none-eabi/12.3.1/thumb/v7e-m+dp/hard/crtbegin.o
LOAD /Applications/STM32CubeIDE.app/Contents/Eclipse/plugins/com.st.stm32cube.ide.mcu.externaltools.gnu-tools-for-stm32.12.3.rel1.macos64_1.0.200.202406191456/tools/bin/../lib/gcc/arm-none-eabi/12.3.1/../../../../arm-none-eabi/lib/thumb/v7e-m+dp/hard/crt0.o
LOAD ./Common/Src/system_stm32h7xx_dualcore_boot_cm4_cm7.o
LOAD ./Core/Src/main.o
LOAD ./Core/Src/stm32h7xx_hal_msp.o
LOAD ./Core/Src/stm32h7xx_it.o
LOAD ./Core/Src/syscalls.o
LOAD ./Core/Src/sysmem.o
LOAD ./Core/Startup/startup_stm32h755zitx.o
LOAD ./Drivers/STM32H7xx_HAL_Driver/stm32h7xx_hal.o
LOAD ./Drivers/STM32H7xx_HAL_Driver/stm32h7xx_hal_cortex.o
LOAD ./Drivers/STM32H7xx_HAL_Driver/stm32h7xx_hal_dma.o
LOAD ./Drivers/STM32H7xx_HAL_Driver/stm32h7xx_hal_dma_ex.o
LOAD ./Drivers/STM32H7xx_HAL_Driver/stm32h7xx_hal_exti.o
LOAD ./Drivers/STM32H7xx_HAL_Driver/stm32h7xx_hal_flash.o
LOAD ./Drivers/STM32H7xx_HAL_Driver/stm32h7xx_hal_flash_ex.o
LOAD ./Drivers/STM32H7xx_HAL_Driver/stm32h7xx_hal_gpio.o
LOAD ./Drivers/STM32H7xx_HAL_Driver/stm32h7xx_hal_hsem.o
LOAD ./Drivers/STM32H7xx_HAL_Driver/stm32h7xx_hal_i2c.o
LOAD ./Drivers/STM32H7xx_HAL_Driver/stm32h7xx_hal_i2c_ex.o
LOAD ./Drivers/STM32H7xx_HAL_Driver/stm32h7xx_hal_mdma.o
LOAD ./Drivers/STM32H7xx_HAL_Driver/stm32h7xx_hal_pcd.o
LOAD ./Drivers/STM32H7xx_HAL_Driver/stm32h7xx_hal_pcd_ex.o
LOAD ./Drivers/STM32H7xx_HAL_Driver/stm32h7xx_hal_pwr.o
LOAD ./Drivers/STM32H7xx_HAL_Driver/stm32h7xx_hal_pwr_ex.o
LOAD ./Drivers/STM32H7xx_HAL_Driver/stm32h7xx_hal_rcc.o
LOAD ./Drivers/STM32H7xx_HAL_Driver/stm32h7xx_hal_rcc_ex.o
LOAD ./Drivers/STM32H7xx_HAL_Driver/stm32h7xx_hal_spi.o
LOAD ./Drivers/STM32H7xx_HAL_Driver/stm32h7xx_hal_spi_ex.o
LOAD ./Drivers/STM32H7xx_HAL_Driver/stm32h7xx_hal_tim.o
LOAD ./Drivers/STM32H7xx_HAL_Driver/stm32h7xx_hal_tim_ex.o
LOAD ./Drivers/STM32H7xx_HAL_Driver/stm32h7xx_hal_uart.o
LOAD ./Drivers/STM32H7xx_HAL_Driver/stm32h7xx_hal_uart_ex.o
LOAD ./Drivers/STM32H7xx_HAL_Driver/stm32h7xx_ll_usb.o
START GROUP
LOAD /Applications/STM32CubeIDE.app/Contents/Eclipse/plugins/com.st.stm32cube.ide.mcu.externaltools.gnu-tools-for-stm32.12.3.rel1.macos64_1.0.200.202406191456/tools/bin/../lib/gcc/arm-none-eabi/12.3.1/../../../../arm-none-eabi/lib/thumb/v7e-m+dp/hard/libstdc++_nano.a
LOAD /Applications/STM32CubeIDE.app/Contents/Eclipse/plugins/com.st.stm32cube.ide.mcu.externaltools.gnu-tools-for-stm32.12.3.rel1.macos64_1.0.200.202406191456/tools/bin/../lib/gcc/arm-none-eabi/12.3.1/../../../../arm-none-eabi/lib/thumb/v7e-m+dp/hard/libsupc++_nano.a
END GROUP
LOAD /Applications/STM32CubeIDE.app/Contents/Eclipse/plugins/com.st.stm32cube.ide.mcu.externaltools.gnu-tools-for-stm32.12.3.rel1.macos64_1.0.200.202406191456/tools/bin/../lib/gcc/arm-none-eabi/12.3.1/../../../../arm-none-eabi/lib/thumb/v7e-m+dp/hard/libstdc++_nano.a
LOAD /Applications/STM32CubeIDE.app/Contents/Eclipse/plugins/com.st.stm32cube.ide.mcu.externaltools.gnu-tools-for-stm32.12.3.rel1.macos64_1.0.200.202406191456/tools/bin/../lib/gcc/arm-none-eabi/12.3.1/../../../../arm-none-eabi/lib/thumb/v7e-m+dp/hard/libm.a
LOAD /Applications/STM32CubeIDE.app/Contents/Eclipse/plugins/com.st.stm32cube.ide.mcu.externaltools.gnu-tools-for-stm32.12.3.rel1.macos64_1.0.200.202406191456/tools/bin/../lib/gcc/arm-none-eabi/12.3.1/../../../../arm-none-eabi/lib/thumb/v7e-m+dp/hard/libc_nano.a
START GROUP
LOAD /Applications/STM32CubeIDE.app/Contents/Eclipse/plugins/com.st.stm32cube.ide.mcu.externaltools.gnu-tools-for-stm32.12.3.rel1.macos64_1.0.200.202406191456/tools/bin/../lib/gcc/arm-none-eabi/12.3.1/thumb/v7e-m+dp/hard/libgcc.a
LOAD /Applications/STM32CubeIDE.app/Contents/Eclipse/plugins/com.st.stm32cube.ide.mcu.externaltools.gnu-tools-for-stm32.12.3.rel1.macos64_1.0.200.202406191456/tools/bin/../lib/gcc/arm-none-eabi/12.3.1/../../../../arm-none-eabi/lib/thumb/v7e-m+dp/hard/libc_nano.a
END GROUP
START GROUP
LOAD /Applications/STM32CubeIDE.app/Contents/Eclipse/plugins/com.st.stm32cube.ide.mcu.externaltools.gnu-tools-for-stm32.12.3.rel1.macos64_1.0.200.202406191456/tools/bin/../lib/gcc/arm-none-eabi/12.3.1/thumb/v7e-m+dp/hard/libgcc.a
LOAD /Applications/STM32CubeIDE.app/Contents/Eclipse/plugins/com.st.stm32cube.ide.mcu.externaltools.gnu-tools-for-stm32.12.3.rel1.macos64_1.0.200.202406191456/tools/bin/../lib/gcc/arm-none-eabi/12.3.1/../../../../arm-none-eabi/lib/thumb/v7e-m+dp/hard/libc_nano.a
LOAD /Applications/STM32CubeIDE.app/Contents/Eclipse/plugins/com.st.stm32cube.ide.mcu.externaltools.gnu-tools-for-stm32.12.3.rel1.macos64_1.0.200.202406191456/tools/bin/../lib/gcc/arm-none-eabi/12.3.1/../../../../arm-none-eabi/lib/thumb/v7e-m+dp/hard/libnosys.a
END GROUP
START GROUP
LOAD /Applications/STM32CubeIDE.app/Contents/Eclipse/plugins/com.st.stm32cube.ide.mcu.externaltools.gnu-tools-for-stm32.12.3.rel1.macos64_1.0.200.202406191456/tools/bin/../lib/gcc/arm-none-eabi/12.3.1/thumb/v7e-m+dp/hard/libgcc.a
LOAD /Applications/STM32CubeIDE.app/Contents/Eclipse/plugins/com.st.stm32cube.ide.mcu.externaltools.gnu-tools-for-stm32.12.3.rel1.macos64_1.0.200.202406191456/tools/bin/../lib/gcc/arm-none-eabi/12.3.1/../../../../arm-none-eabi/lib/thumb/v7e-m+dp/hard/libc_nano.a
LOAD /Applications/STM32CubeIDE.app/Contents/Eclipse/plugins/com.st.stm32cube.ide.mcu.externaltools.gnu-tools-for-stm32.12.3.rel1.macos64_1.0.200.202406191456/tools/bin/../lib/gcc/arm-none-eabi/12.3.1/../../../../arm-none-eabi/lib/thumb/v7e-m+dp/hard/libnosys.a
END GROUP
LOAD /Applications/STM32CubeIDE.app/Contents/Eclipse/plugins/com.st.stm32cube.ide.mcu.externaltools.gnu-tools-for-stm32.12.3.rel1.macos64_1.0.200.202406191456/tools/bin/../lib/gcc/arm-none-eabi/12.3.1/thumb/v7e-m+dp/hard/crtend.o
LOAD /Applications/STM32CubeIDE.app/Contents/Eclipse/plugins/com.st.stm32cube.ide.mcu.externaltools.gnu-tools-for-stm32.12.3.rel1.macos64_1.0.200.202406191456/tools/bin/../lib/gcc/arm-none-eabi/12.3.1/thumb/v7e-m+dp/hard/crtn.o
                0x24080000                        _estack = (ORIGIN (RAM_D1) + LENGTH (RAM_D1))
                0x00000200                        _Min_Heap_Size = 0x200
                0x00000400                        _Min_Stack_Size = 0x400

.isr_vector     0x08000000      0x298
                0x08000000                        . = ALIGN (0x4)
 *(.isr_vector)
 .isr_vector    0x08000000      0x298 ./Core/Startup/startup_stm32h755zitx.o
                0x08000000                g_pfnVectors
                0x08000298                        . = ALIGN (0x4)

.text           0x08000298     0x715c
                0x08000298                        . = ALIGN (0x4)
 *(.text)
 .text          0x08000298       0x40 /Applications/STM32CubeIDE.app/Contents/Eclipse/plugins/com.st.stm32cube.ide.mcu.externaltools.gnu-tools-for-stm32.12.3.rel1.macos64_1.0.200.202406191456/tools/bin/../lib/gcc/arm-none-eabi/12.3.1/thumb/v7e-m+dp/hard/crtbegin.o
 .text          0x080002d8       0x30 /Applications/STM32CubeIDE.app/Contents/Eclipse/plugins/com.st.stm32cube.ide.mcu.externaltools.gnu-tools-for-stm32.12.3.rel1.macos64_1.0.200.202406191456/tools/bin/../lib/gcc/arm-none-eabi/12.3.1/thumb/v7e-m+dp/hard/libgcc.a(_aeabi_uldivmod.o)
                0x080002d8                __aeabi_uldivmod
 .text          0x08000308      0x2bc /Applications/STM32CubeIDE.app/Contents/Eclipse/plugins/com.st.stm32cube.ide.mcu.externaltools.gnu-tools-for-stm32.12.3.rel1.macos64_1.0.200.202406191456/tools/bin/../lib/gcc/arm-none-eabi/12.3.1/thumb/v7e-m+dp/hard/libgcc.a(_udivmoddi4.o)
                0x08000308                __udivmoddi4
 .text          0x080005c4        0x4 /Applications/STM32CubeIDE.app/Contents/Eclipse/plugins/com.st.stm32cube.ide.mcu.externaltools.gnu-tools-for-stm32.12.3.rel1.macos64_1.0.200.202406191456/tools/bin/../lib/gcc/arm-none-eabi/12.3.1/thumb/v7e-m+dp/hard/libgcc.a(_dvmd_tls.o)
                0x080005c4                __aeabi_ldiv0
                0x080005c4                __aeabi_idiv0
 *(.text*)
 .text.SystemInit
                0x080005c8      0x12c ./Common/Src/system_stm32h7xx_dualcore_boot_cm4_cm7.o
                0x080005c8                SystemInit
 .text.pin_Init
                0x080006f4       0x58 ./Core/Src/main.o
                0x080006f4                pin_Init
 .text.pin_SetMode
                0x0800074c       0xb0 ./Core/Src/main.o
                0x0800074c                pin_SetMode
 .text.pin_Write
                0x080007fc       0x40 ./Core/Src/main.o
                0x080007fc                pin_Write
 .text.pin_Read
                0x0800083c       0x26 ./Core/Src/main.o
                0x0800083c                pin_Read
 .text.IOEXP_Init
                0x08000862       0x84 ./Core/Src/main.o
                0x08000862                IOEXP_Init
 .text.IOEXP_SetModes
                0x080008e6       0x74 ./Core/Src/main.o
                0x080008e6                IOEXP_SetModes
 .text.IOEXP_SetPins
                0x0800095a       0x74 ./Core/Src/main.o
                0x0800095a                IOEXP_SetPins
 *fill*         0x080009ce        0x2 
 .text.TestMode1
                0x080009d0       0x20 ./Core/Src/main.o
                0x080009d0                TestMode1
 .text.TestMode2
                0x080009f0       0x74 ./Core/Src/main.o
                0x080009f0                TestMode2
 .text.TestMode3
                0x08000a64       0xc4 ./Core/Src/main.o
                0x08000a64                TestMode3
 .text.TestMode4
                0x08000b28       0x80 ./Core/Src/main.o
                0x08000b28                TestMode4
 .text.TestMode5
                0x08000ba8       0x80 ./Core/Src/main.o
                0x08000ba8                TestMode5
 .text.TestMode6
                0x08000c28       0x80 ./Core/Src/main.o
                0x08000c28                TestMode6
 .text.TestMode7
                0x08000ca8       0x84 ./Core/Src/main.o
                0x08000ca8                TestMode7
 .text.main     0x08000d2c      0x1b4 ./Core/Src/main.o
                0x08000d2c                main
 .text.SystemClock_Config
                0x08000ee0      0x100 ./Core/Src/main.o
                0x08000ee0                SystemClock_Config
 .text.MX_I2C2_Init
                0x08000fe0       0x80 ./Core/Src/main.o
 .text.MX_SPI1_Init
                0x08001060       0xac ./Core/Src/main.o
 .text.MX_USART1_UART_Init
                0x0800110c       0x98 ./Core/Src/main.o
 .text.MX_USB_OTG_FS_PCD_Init
                0x080011a4       0x64 ./Core/Src/main.o
 .text.MX_GPIO_Init
                0x08001208      0x218 ./Core/Src/main.o
 .text.MPU_Config
                0x08001420       0x58 ./Core/Src/main.o
 .text.Error_Handler
                0x08001478        0xc ./Core/Src/main.o
                0x08001478                Error_Handler
 .text.HAL_MspInit
                0x08001484       0x34 ./Core/Src/stm32h7xx_hal_msp.o
                0x08001484                HAL_MspInit
 .text.HAL_I2C_MspInit
                0x080014b8       0xd4 ./Core/Src/stm32h7xx_hal_msp.o
                0x080014b8                HAL_I2C_MspInit
 .text.HAL_SPI_MspInit
                0x0800158c       0xd0 ./Core/Src/stm32h7xx_hal_msp.o
                0x0800158c                HAL_SPI_MspInit
 .text.HAL_UART_MspInit
                0x0800165c       0xd4 ./Core/Src/stm32h7xx_hal_msp.o
                0x0800165c                HAL_UART_MspInit
 .text.HAL_PCD_MspInit
                0x08001730       0xd8 ./Core/Src/stm32h7xx_hal_msp.o
                0x08001730                HAL_PCD_MspInit
 .text.NMI_Handler
                0x08001808        0x8 ./Core/Src/stm32h7xx_it.o
                0x08001808                NMI_Handler
 .text.HardFault_Handler
                0x08001810        0x8 ./Core/Src/stm32h7xx_it.o
                0x08001810                HardFault_Handler
 .text.MemManage_Handler
                0x08001818        0x8 ./Core/Src/stm32h7xx_it.o
                0x08001818                MemManage_Handler
 .text.BusFault_Handler
                0x08001820        0x8 ./Core/Src/stm32h7xx_it.o
                0x08001820                BusFault_Handler
 .text.UsageFault_Handler
                0x08001828        0x8 ./Core/Src/stm32h7xx_it.o
                0x08001828                UsageFault_Handler
 .text.SVC_Handler
                0x08001830        0xe ./Core/Src/stm32h7xx_it.o
                0x08001830                SVC_Handler
 .text.DebugMon_Handler
                0x0800183e        0xe ./Core/Src/stm32h7xx_it.o
                0x0800183e                DebugMon_Handler
 .text.PendSV_Handler
                0x0800184c        0xe ./Core/Src/stm32h7xx_it.o
                0x0800184c                PendSV_Handler
 .text.SysTick_Handler
                0x0800185a        0xc ./Core/Src/stm32h7xx_it.o
                0x0800185a                SysTick_Handler
 *fill*         0x08001866        0x2 
 .text.Reset_Handler
                0x08001868       0x50 ./Core/Startup/startup_stm32h755zitx.o
                0x08001868                Reset_Handler
 .text.Default_Handler
                0x080018b8        0x2 ./Core/Startup/startup_stm32h755zitx.o
                0x080018b8                DMA1_Stream3_IRQHandler
                0x080018b8                HASH_RNG_IRQHandler
                0x080018b8                EXTI2_IRQHandler
                0x080018b8                TIM8_CC_IRQHandler
                0x080018b8                HRTIM1_Master_IRQHandler
                0x080018b8                UART8_IRQHandler
                0x080018b8                SPI4_IRQHandler
                0x080018b8                TIM1_CC_IRQHandler
                0x080018b8                BDMA_Channel6_IRQHandler
                0x080018b8                DMA2_Stream5_IRQHandler
                0x080018b8                HRTIM1_FLT_IRQHandler
                0x080018b8                JPEG_IRQHandler
                0x080018b8                DMA1_Stream5_IRQHandler
                0x080018b8                BDMA_Channel1_IRQHandler
                0x080018b8                HRTIM1_TIMD_IRQHandler
                0x080018b8                TAMP_STAMP_IRQHandler
                0x080018b8                EXTI3_IRQHandler
                0x080018b8                LPTIM4_IRQHandler
                0x080018b8                TIM8_TRG_COM_TIM14_IRQHandler
                0x080018b8                LPTIM2_IRQHandler
                0x080018b8                DFSDM1_FLT1_IRQHandler
                0x080018b8                DMAMUX2_OVR_IRQHandler
                0x080018b8                TIM8_UP_TIM13_IRQHandler
                0x080018b8                I2C3_ER_IRQHandler
                0x080018b8                DFSDM1_FLT2_IRQHandler
                0x080018b8                MDMA_IRQHandler
                0x080018b8                LPTIM3_IRQHandler
                0x080018b8                HSEM1_IRQHandler
                0x080018b8                EXTI0_IRQHandler
                0x080018b8                I2C2_EV_IRQHandler
                0x080018b8                DMA1_Stream2_IRQHandler
                0x080018b8                FPU_IRQHandler
                0x080018b8                OTG_HS_WKUP_IRQHandler
                0x080018b8                FDCAN1_IT1_IRQHandler
                0x080018b8                LTDC_ER_IRQHandler
                0x080018b8                DMA2_Stream2_IRQHandler
                0x080018b8                HRTIM1_TIME_IRQHandler
                0x080018b8                SPI1_IRQHandler
                0x080018b8                TIM6_DAC_IRQHandler
                0x080018b8                DCMI_IRQHandler
                0x080018b8                HRTIM1_TIMC_IRQHandler
                0x080018b8                DMA2_Stream3_IRQHandler
                0x080018b8                SAI2_IRQHandler
                0x080018b8                DFSDM1_FLT3_IRQHandler
                0x080018b8                USART6_IRQHandler
                0x080018b8                TIM17_IRQHandler
                0x080018b8                USART3_IRQHandler
                0x080018b8                BDMA_Channel7_IRQHandler
                0x080018b8                CRYP_IRQHandler
                0x080018b8                LPTIM5_IRQHandler
                0x080018b8                UART5_IRQHandler
                0x080018b8                ADC3_IRQHandler
                0x080018b8                DMA2_Stream0_IRQHandler
                0x080018b8                TIM4_IRQHandler
                0x080018b8                BDMA_Channel2_IRQHandler
                0x080018b8                QUADSPI_IRQHandler
                0x080018b8                I2C1_EV_IRQHandler
                0x080018b8                DMA1_Stream6_IRQHandler
                0x080018b8                DMAMUX1_OVR_IRQHandler
                0x080018b8                DMA1_Stream1_IRQHandler
                0x080018b8                TIM16_IRQHandler
                0x080018b8                UART4_IRQHandler
                0x080018b8                BDMA_Channel5_IRQHandler
                0x080018b8                TIM3_IRQHandler
                0x080018b8                RCC_IRQHandler
                0x080018b8                TIM8_BRK_TIM12_IRQHandler
                0x080018b8                TIM1_TRG_COM_IRQHandler
                0x080018b8                Default_Handler
                0x080018b8                ECC_IRQHandler
                0x080018b8                CEC_IRQHandler
                0x080018b8                EXTI15_10_IRQHandler
                0x080018b8                BDMA_Channel0_IRQHandler
                0x080018b8                ADC_IRQHandler
                0x080018b8                DMA1_Stream7_IRQHandler
                0x080018b8                HRTIM1_TIMA_IRQHandler
                0x080018b8                SPI5_IRQHandler
                0x080018b8                TIM7_IRQHandler
                0x080018b8                SDMMC1_IRQHandler
                0x080018b8                TIM5_IRQHandler
                0x080018b8                DMA2_Stream7_IRQHandler
                0x080018b8                TIM15_IRQHandler
                0x080018b8                PVD_AVD_IRQHandler
                0x080018b8                I2C3_EV_IRQHandler
                0x080018b8                EXTI9_5_IRQHandler
                0x080018b8                RTC_WKUP_IRQHandler
                0x080018b8                LTDC_IRQHandler
                0x080018b8                SAI3_IRQHandler
                0x080018b8                ETH_WKUP_IRQHandler
                0x080018b8                SPDIF_RX_IRQHandler
                0x080018b8                SPI2_IRQHandler
                0x080018b8                OTG_HS_EP1_IN_IRQHandler
                0x080018b8                DMA1_Stream0_IRQHandler
                0x080018b8                CRS_IRQHandler
                0x080018b8                CM7_SEV_IRQHandler
                0x080018b8                EXTI4_IRQHandler
                0x080018b8                CM4_SEV_IRQHandler
                0x080018b8                HRTIM1_TIMB_IRQHandler
                0x080018b8                FDCAN2_IT1_IRQHandler
                0x080018b8                ETH_IRQHandler
                0x080018b8                TIM1_UP_IRQHandler
                0x080018b8                WWDG_RST_IRQHandler
                0x080018b8                BDMA_Channel4_IRQHandler
                0x080018b8                OTG_HS_EP1_OUT_IRQHandler
                0x080018b8                WWDG_IRQHandler
                0x080018b8                SPI6_IRQHandler
                0x080018b8                MDIOS_IRQHandler
                0x080018b8                I2C4_EV_IRQHandler
                0x080018b8                FDCAN2_IT0_IRQHandler
                0x080018b8                LPUART1_IRQHandler
                0x080018b8                FDCAN1_IT0_IRQHandler
                0x080018b8                TIM2_IRQHandler
                0x080018b8                OTG_FS_WKUP_IRQHandler
                0x080018b8                OTG_HS_IRQHandler
                0x080018b8                HSEM2_IRQHandler
                0x080018b8                DMA2D_IRQHandler
                0x080018b8                TIM1_BRK_IRQHandler
                0x080018b8                EXTI1_IRQHandler
                0x080018b8                SDMMC2_IRQHandler
                0x080018b8                OTG_FS_EP1_OUT_IRQHandler
                0x080018b8                BDMA_Channel3_IRQHandler
                0x080018b8                HOLD_CORE_IRQHandler
                0x080018b8                UART7_IRQHandler
                0x080018b8                MDIOS_WKUP_IRQHandler
                0x080018b8                USART2_IRQHandler
                0x080018b8                DFSDM1_FLT0_IRQHandler
                0x080018b8                SAI4_IRQHandler
                0x080018b8                I2C2_ER_IRQHandler
                0x080018b8                DMA2_Stream1_IRQHandler
                0x080018b8                FLASH_IRQHandler
                0x080018b8                DMA2_Stream4_IRQHandler
                0x080018b8                USART1_IRQHandler
                0x080018b8                OTG_FS_IRQHandler
                0x080018b8                SPI3_IRQHandler
                0x080018b8                WAKEUP_PIN_IRQHandler
                0x080018b8                DMA1_Stream4_IRQHandler
                0x080018b8                OTG_FS_EP1_IN_IRQHandler
                0x080018b8                I2C1_ER_IRQHandler
                0x080018b8                FMC_IRQHandler
                0x080018b8                FDCAN_CAL_IRQHandler
                0x080018b8                SWPMI1_IRQHandler
                0x080018b8                COMP1_IRQHandler
                0x080018b8                LPTIM1_IRQHandler
                0x080018b8                I2C4_ER_IRQHandler
                0x080018b8                DMA2_Stream6_IRQHandler
                0x080018b8                SAI1_IRQHandler
                0x080018b8                RTC_Alarm_IRQHandler
 *fill*         0x080018ba        0x2 
 .text.HAL_Init
                0x080018bc       0x78 ./Drivers/STM32H7xx_HAL_Driver/stm32h7xx_hal.o
                0x080018bc                HAL_Init
 .text.HAL_InitTick
                0x08001934       0x6c ./Drivers/STM32H7xx_HAL_Driver/stm32h7xx_hal.o
                0x08001934                HAL_InitTick
 .text.HAL_IncTick
                0x080019a0       0x28 ./Drivers/STM32H7xx_HAL_Driver/stm32h7xx_hal.o
                0x080019a0                HAL_IncTick
 .text.HAL_GetTick
                0x080019c8       0x18 ./Drivers/STM32H7xx_HAL_Driver/stm32h7xx_hal.o
                0x080019c8                HAL_GetTick
 .text.HAL_Delay
                0x080019e0       0x48 ./Drivers/STM32H7xx_HAL_Driver/stm32h7xx_hal.o
                0x080019e0                HAL_Delay
 .text.HAL_GetREVID
                0x08001a28       0x18 ./Drivers/STM32H7xx_HAL_Driver/stm32h7xx_hal.o
                0x08001a28                HAL_GetREVID
 .text.__NVIC_SetPriorityGrouping
                0x08001a40       0x48 ./Drivers/STM32H7xx_HAL_Driver/stm32h7xx_hal_cortex.o
 .text.__NVIC_GetPriorityGrouping
                0x08001a88       0x1c ./Drivers/STM32H7xx_HAL_Driver/stm32h7xx_hal_cortex.o
 .text.__NVIC_SetPriority
                0x08001aa4       0x54 ./Drivers/STM32H7xx_HAL_Driver/stm32h7xx_hal_cortex.o
 .text.NVIC_EncodePriority
                0x08001af8       0x66 ./Drivers/STM32H7xx_HAL_Driver/stm32h7xx_hal_cortex.o
 *fill*         0x08001b5e        0x2 
 .text.SysTick_Config
                0x08001b60       0x44 ./Drivers/STM32H7xx_HAL_Driver/stm32h7xx_hal_cortex.o
 .text.HAL_NVIC_SetPriorityGrouping
                0x08001ba4       0x16 ./Drivers/STM32H7xx_HAL_Driver/stm32h7xx_hal_cortex.o
                0x08001ba4                HAL_NVIC_SetPriorityGrouping
 .text.HAL_NVIC_SetPriority
                0x08001bba       0x34 ./Drivers/STM32H7xx_HAL_Driver/stm32h7xx_hal_cortex.o
                0x08001bba                HAL_NVIC_SetPriority
 .text.HAL_SYSTICK_Config
                0x08001bee       0x18 ./Drivers/STM32H7xx_HAL_Driver/stm32h7xx_hal_cortex.o
                0x08001bee                HAL_SYSTICK_Config
 *fill*         0x08001c06        0x2 
 .text.HAL_MPU_Disable
                0x08001c08       0x30 ./Drivers/STM32H7xx_HAL_Driver/stm32h7xx_hal_cortex.o
                0x08001c08                HAL_MPU_Disable
 .text.HAL_MPU_Enable
                0x08001c38       0x40 ./Drivers/STM32H7xx_HAL_Driver/stm32h7xx_hal_cortex.o
                0x08001c38                HAL_MPU_Enable
 .text.HAL_MPU_ConfigRegion
                0x08001c78       0x80 ./Drivers/STM32H7xx_HAL_Driver/stm32h7xx_hal_cortex.o
                0x08001c78                HAL_MPU_ConfigRegion
 .text.HAL_GPIO_Init
                0x08001cf8      0x360 ./Drivers/STM32H7xx_HAL_Driver/stm32h7xx_hal_gpio.o
                0x08001cf8                HAL_GPIO_Init
 .text.HAL_GPIO_ReadPin
                0x08002058       0x30 ./Drivers/STM32H7xx_HAL_Driver/stm32h7xx_hal_gpio.o
                0x08002058                HAL_GPIO_ReadPin
 .text.HAL_GPIO_WritePin
                0x08002088       0x32 ./Drivers/STM32H7xx_HAL_Driver/stm32h7xx_hal_gpio.o
                0x08002088                HAL_GPIO_WritePin
 *fill*         0x080020ba        0x2 
 .text.HAL_HSEM_FastTake
                0x080020bc       0x34 ./Drivers/STM32H7xx_HAL_Driver/stm32h7xx_hal_hsem.o
                0x080020bc                HAL_HSEM_FastTake
 .text.HAL_HSEM_Release
                0x080020f0       0x28 ./Drivers/STM32H7xx_HAL_Driver/stm32h7xx_hal_hsem.o
                0x080020f0                HAL_HSEM_Release
 .text.HAL_I2C_Init
                0x08002118      0x138 ./Drivers/STM32H7xx_HAL_Driver/stm32h7xx_hal_i2c.o
                0x08002118                HAL_I2C_Init
 .text.HAL_I2C_Master_Transmit
                0x08002250      0x230 ./Drivers/STM32H7xx_HAL_Driver/stm32h7xx_hal_i2c.o
                0x08002250                HAL_I2C_Master_Transmit
 .text.I2C_Flush_TXDR
                0x08002480       0x48 ./Drivers/STM32H7xx_HAL_Driver/stm32h7xx_hal_i2c.o
 .text.I2C_WaitOnFlagUntilTimeout
                0x080024c8       0xb2 ./Drivers/STM32H7xx_HAL_Driver/stm32h7xx_hal_i2c.o
 .text.I2C_WaitOnTXISFlagUntilTimeout
                0x0800257a       0x8e ./Drivers/STM32H7xx_HAL_Driver/stm32h7xx_hal_i2c.o
 .text.I2C_WaitOnSTOPFlagUntilTimeout
                0x08002608       0x86 ./Drivers/STM32H7xx_HAL_Driver/stm32h7xx_hal_i2c.o
 *fill*         0x0800268e        0x2 
 .text.I2C_IsErrorOccurred
                0x08002690      0x1c0 ./Drivers/STM32H7xx_HAL_Driver/stm32h7xx_hal_i2c.o
 .text.I2C_TransferConfig
                0x08002850       0x64 ./Drivers/STM32H7xx_HAL_Driver/stm32h7xx_hal_i2c.o
 .text.HAL_I2CEx_ConfigAnalogFilter
                0x080028b4       0x96 ./Drivers/STM32H7xx_HAL_Driver/stm32h7xx_hal_i2c_ex.o
                0x080028b4                HAL_I2CEx_ConfigAnalogFilter
 .text.HAL_I2CEx_ConfigDigitalFilter
                0x0800294a       0x98 ./Drivers/STM32H7xx_HAL_Driver/stm32h7xx_hal_i2c_ex.o
                0x0800294a                HAL_I2CEx_ConfigDigitalFilter
 .text.HAL_PCD_Init
                0x080029e2      0x218 ./Drivers/STM32H7xx_HAL_Driver/stm32h7xx_hal_pcd.o
                0x080029e2                HAL_PCD_Init
 *fill*         0x08002bfa        0x2 
 .text.HAL_PCDEx_ActivateLPM
                0x08002bfc       0x48 ./Drivers/STM32H7xx_HAL_Driver/stm32h7xx_hal_pcd_ex.o
                0x08002bfc                HAL_PCDEx_ActivateLPM
 .text.HAL_PWREx_ConfigSupply
                0x08002c44       0xb4 ./Drivers/STM32H7xx_HAL_Driver/stm32h7xx_hal_pwr_ex.o
                0x08002c44                HAL_PWREx_ConfigSupply
 .text.HAL_PWREx_EnableUSBVoltageDetector
                0x08002cf8       0x20 ./Drivers/STM32H7xx_HAL_Driver/stm32h7xx_hal_pwr_ex.o
                0x08002cf8                HAL_PWREx_EnableUSBVoltageDetector
 .text.HAL_RCC_OscConfig
                0x08002d18      0x8b4 ./Drivers/STM32H7xx_HAL_Driver/stm32h7xx_hal_rcc.o
                0x08002d18                HAL_RCC_OscConfig
 .text.HAL_RCC_ClockConfig
                0x080035cc      0x36c ./Drivers/STM32H7xx_HAL_Driver/stm32h7xx_hal_rcc.o
                0x080035cc                HAL_RCC_ClockConfig
 .text.HAL_RCC_GetSysClockFreq
                0x08003938      0x2f4 ./Drivers/STM32H7xx_HAL_Driver/stm32h7xx_hal_rcc.o
                0x08003938                HAL_RCC_GetSysClockFreq
 .text.HAL_RCC_GetHCLKFreq
                0x08003c2c       0x60 ./Drivers/STM32H7xx_HAL_Driver/stm32h7xx_hal_rcc.o
                0x08003c2c                HAL_RCC_GetHCLKFreq
 .text.HAL_RCC_GetPCLK1Freq
                0x08003c8c       0x2c ./Drivers/STM32H7xx_HAL_Driver/stm32h7xx_hal_rcc.o
                0x08003c8c                HAL_RCC_GetPCLK1Freq
 .text.HAL_RCC_GetPCLK2Freq
                0x08003cb8       0x2c ./Drivers/STM32H7xx_HAL_Driver/stm32h7xx_hal_rcc.o
                0x08003cb8                HAL_RCC_GetPCLK2Freq
 .text.HAL_RCCEx_PeriphCLKConfig
                0x08003ce4     0x1414 ./Drivers/STM32H7xx_HAL_Driver/stm32h7xx_hal_rcc_ex.o
                0x08003ce4                HAL_RCCEx_PeriphCLKConfig
 .text.HAL_RCCEx_GetD3PCLK1Freq
                0x080050f8       0x2c ./Drivers/STM32H7xx_HAL_Driver/stm32h7xx_hal_rcc_ex.o
                0x080050f8                HAL_RCCEx_GetD3PCLK1Freq
 .text.HAL_RCCEx_GetPLL2ClockFreq
                0x08005124      0x2a8 ./Drivers/STM32H7xx_HAL_Driver/stm32h7xx_hal_rcc_ex.o
                0x08005124                HAL_RCCEx_GetPLL2ClockFreq
 .text.HAL_RCCEx_GetPLL3ClockFreq
                0x080053cc      0x2a8 ./Drivers/STM32H7xx_HAL_Driver/stm32h7xx_hal_rcc_ex.o
                0x080053cc                HAL_RCCEx_GetPLL3ClockFreq
 .text.RCCEx_PLL2_Config
                0x08005674      0x164 ./Drivers/STM32H7xx_HAL_Driver/stm32h7xx_hal_rcc_ex.o
 .text.RCCEx_PLL3_Config
                0x080057d8      0x164 ./Drivers/STM32H7xx_HAL_Driver/stm32h7xx_hal_rcc_ex.o
 .text.HAL_SPI_Init
                0x0800593c      0x248 ./Drivers/STM32H7xx_HAL_Driver/stm32h7xx_hal_spi.o
                0x0800593c                HAL_SPI_Init
 .text.SPI_GetPacketSize
                0x08005b84       0x36 ./Drivers/STM32H7xx_HAL_Driver/stm32h7xx_hal_spi.o
 .text.HAL_UART_Init
                0x08005bba       0xa0 ./Drivers/STM32H7xx_HAL_Driver/stm32h7xx_hal_uart.o
                0x08005bba                HAL_UART_Init
 *fill*         0x08005c5a        0x2 
 .text.UART_SetConfig
                0x08005c5c      0xad0 ./Drivers/STM32H7xx_HAL_Driver/stm32h7xx_hal_uart.o
                0x08005c5c                UART_SetConfig
 .text.UART_AdvFeatureConfig
                0x0800672c      0x144 ./Drivers/STM32H7xx_HAL_Driver/stm32h7xx_hal_uart.o
                0x0800672c                UART_AdvFeatureConfig
 .text.UART_CheckIdleState
                0x08006870      0x154 ./Drivers/STM32H7xx_HAL_Driver/stm32h7xx_hal_uart.o
                0x08006870                UART_CheckIdleState
 .text.UART_WaitOnFlagUntilTimeout
                0x080069c4       0xda ./Drivers/STM32H7xx_HAL_Driver/stm32h7xx_hal_uart.o
                0x080069c4                UART_WaitOnFlagUntilTimeout
 *fill*         0x08006a9e        0x2 
 .text.UART_EndRxTransfer
                0x08006aa0       0xcc ./Drivers/STM32H7xx_HAL_Driver/stm32h7xx_hal_uart.o
 .text.HAL_UARTEx_DisableFifoMode
                0x08006b6c       0x72 ./Drivers/STM32H7xx_HAL_Driver/stm32h7xx_hal_uart_ex.o
                0x08006b6c                HAL_UARTEx_DisableFifoMode
 .text.HAL_UARTEx_SetTxFifoThreshold
                0x08006bde       0x7c ./Drivers/STM32H7xx_HAL_Driver/stm32h7xx_hal_uart_ex.o
                0x08006bde                HAL_UARTEx_SetTxFifoThreshold
 .text.HAL_UARTEx_SetRxFifoThreshold
                0x08006c5a       0x7c ./Drivers/STM32H7xx_HAL_Driver/stm32h7xx_hal_uart_ex.o
                0x08006c5a                HAL_UARTEx_SetRxFifoThreshold
 *fill*         0x08006cd6        0x2 
 .text.UARTEx_SetNbDataToProcess
                0x08006cd8       0x9c ./Drivers/STM32H7xx_HAL_Driver/stm32h7xx_hal_uart_ex.o
 .text.USB_CoreInit
                0x08006d74       0xe4 ./Drivers/STM32H7xx_HAL_Driver/stm32h7xx_ll_usb.o
                0x08006d74                USB_CoreInit
 .text.USB_DisableGlobalInt
                0x08006e58       0x22 ./Drivers/STM32H7xx_HAL_Driver/stm32h7xx_ll_usb.o
                0x08006e58                USB_DisableGlobalInt
 .text.USB_SetCurrentMode
                0x08006e7a       0x98 ./Drivers/STM32H7xx_HAL_Driver/stm32h7xx_ll_usb.o
                0x08006e7a                USB_SetCurrentMode
 *fill*         0x08006f12        0x2 
 .text.USB_DevInit
                0x08006f14      0x2bc ./Drivers/STM32H7xx_HAL_Driver/stm32h7xx_ll_usb.o
                0x08006f14                USB_DevInit
 .text.USB_FlushTxFifo
                0x080071d0       0x64 ./Drivers/STM32H7xx_HAL_Driver/stm32h7xx_ll_usb.o
                0x080071d0                USB_FlushTxFifo
 .text.USB_FlushRxFifo
                0x08007234       0x5c ./Drivers/STM32H7xx_HAL_Driver/stm32h7xx_ll_usb.o
                0x08007234                USB_FlushRxFifo
 .text.USB_SetDevSpeed
                0x08007290       0x32 ./Drivers/STM32H7xx_HAL_Driver/stm32h7xx_ll_usb.o
                0x08007290                USB_SetDevSpeed
 .text.USB_DevDisconnect
                0x080072c2       0x42 ./Drivers/STM32H7xx_HAL_Driver/stm32h7xx_ll_usb.o
                0x080072c2                USB_DevDisconnect
 .text.USB_GetMode
                0x08007304       0x1c ./Drivers/STM32H7xx_HAL_Driver/stm32h7xx_ll_usb.o
                0x08007304                USB_GetMode
 .text.USB_CoreReset
                0x08007320       0x62 ./Drivers/STM32H7xx_HAL_Driver/stm32h7xx_ll_usb.o
 .text.memset   0x08007382       0x10 /Applications/STM32CubeIDE.app/Contents/Eclipse/plugins/com.st.stm32cube.ide.mcu.externaltools.gnu-tools-for-stm32.12.3.rel1.macos64_1.0.200.202406191456/tools/bin/../lib/gcc/arm-none-eabi/12.3.1/../../../../arm-none-eabi/lib/thumb/v7e-m+dp/hard/libc_nano.a(libc_a-memset.o)
                0x08007382                memset
 *fill*         0x08007392        0x2 
 .text.__libc_init_array
                0x08007394       0x48 /Applications/STM32CubeIDE.app/Contents/Eclipse/plugins/com.st.stm32cube.ide.mcu.externaltools.gnu-tools-for-stm32.12.3.rel1.macos64_1.0.200.202406191456/tools/bin/../lib/gcc/arm-none-eabi/12.3.1/../../../../arm-none-eabi/lib/thumb/v7e-m+dp/hard/libc_nano.a(libc_a-init.o)
                0x08007394                __libc_init_array
 *(.glue_7)
 .glue_7        0x080073dc        0x0 linker stubs
 *(.glue_7t)
 .glue_7t       0x080073dc        0x0 linker stubs
 *(.eh_frame)
 .eh_frame      0x080073dc        0x0 /Applications/STM32CubeIDE.app/Contents/Eclipse/plugins/com.st.stm32cube.ide.mcu.externaltools.gnu-tools-for-stm32.12.3.rel1.macos64_1.0.200.202406191456/tools/bin/../lib/gcc/arm-none-eabi/12.3.1/thumb/v7e-m+dp/hard/crtbegin.o
 *(.init)
 .init          0x080073dc        0x4 /Applications/STM32CubeIDE.app/Contents/Eclipse/plugins/com.st.stm32cube.ide.mcu.externaltools.gnu-tools-for-stm32.12.3.rel1.macos64_1.0.200.202406191456/tools/bin/../lib/gcc/arm-none-eabi/12.3.1/thumb/v7e-m+dp/hard/crti.o
                0x080073dc                _init
 .init          0x080073e0        0x8 /Applications/STM32CubeIDE.app/Contents/Eclipse/plugins/com.st.stm32cube.ide.mcu.externaltools.gnu-tools-for-stm32.12.3.rel1.macos64_1.0.200.202406191456/tools/bin/../lib/gcc/arm-none-eabi/12.3.1/thumb/v7e-m+dp/hard/crtn.o
 *(.fini)
 .fini          0x080073e8        0x4 /Applications/STM32CubeIDE.app/Contents/Eclipse/plugins/com.st.stm32cube.ide.mcu.externaltools.gnu-tools-for-stm32.12.3.rel1.macos64_1.0.200.202406191456/tools/bin/../lib/gcc/arm-none-eabi/12.3.1/thumb/v7e-m+dp/hard/crti.o
                0x080073e8                _fini
 .fini          0x080073ec        0x8 /Applications/STM32CubeIDE.app/Contents/Eclipse/plugins/com.st.stm32cube.ide.mcu.externaltools.gnu-tools-for-stm32.12.3.rel1.macos64_1.0.200.202406191456/tools/bin/../lib/gcc/arm-none-eabi/12.3.1/thumb/v7e-m+dp/hard/crtn.o
                0x080073f4                        . = ALIGN (0x4)
                0x080073f4                        _etext = .

.vfp11_veneer   0x080073f4        0x0
 .vfp11_veneer  0x080073f4        0x0 linker stubs

.v4_bx          0x080073f4        0x0
 .v4_bx         0x080073f4        0x0 linker stubs

.iplt           0x080073f4        0x0
 .iplt          0x080073f4        0x0 /Applications/STM32CubeIDE.app/Contents/Eclipse/plugins/com.st.stm32cube.ide.mcu.externaltools.gnu-tools-for-stm32.12.3.rel1.macos64_1.0.200.202406191456/tools/bin/../lib/gcc/arm-none-eabi/12.3.1/thumb/v7e-m+dp/hard/crtbegin.o

.rodata         0x080073f4      0x8c0
                0x080073f4                        . = ALIGN (0x4)
 *(.rodata)
 *(.rodata*)
 .rodata.D1CorePrescTable
                0x080073f4       0x10 ./Common/Src/system_stm32h7xx_dualcore_boot_cm4_cm7.o
                0x080073f4                D1CorePrescTable
 .rodata.PIN0   0x08007404       0x18 ./Core/Src/main.o
                0x08007404                PIN0
 .rodata.PIN1   0x0800741c       0x18 ./Core/Src/main.o
                0x0800741c                PIN1
 .rodata.PIN2   0x08007434       0x18 ./Core/Src/main.o
                0x08007434                PIN2
 .rodata.PIN3   0x0800744c       0x18 ./Core/Src/main.o
                0x0800744c                PIN3
 .rodata.PIN4   0x08007464       0x18 ./Core/Src/main.o
                0x08007464                PIN4
 .rodata.PIN5   0x0800747c       0x18 ./Core/Src/main.o
                0x0800747c                PIN5
 .rodata.PIN6   0x08007494       0x18 ./Core/Src/main.o
                0x08007494                PIN6
 .rodata.PIN7   0x080074ac       0x18 ./Core/Src/main.o
                0x080074ac                PIN7
 .rodata.PIN8   0x080074c4       0x18 ./Core/Src/main.o
                0x080074c4                PIN8
 .rodata.PIN9   0x080074dc       0x18 ./Core/Src/main.o
                0x080074dc                PIN9
 .rodata.PIN10  0x080074f4       0x18 ./Core/Src/main.o
                0x080074f4                PIN10
 .rodata.PIN11  0x0800750c       0x18 ./Core/Src/main.o
                0x0800750c                PIN11
 .rodata.PIN12  0x08007524       0x18 ./Core/Src/main.o
                0x08007524                PIN12
 .rodata.PIN13  0x0800753c       0x18 ./Core/Src/main.o
                0x0800753c                PIN13
 .rodata.PIN14  0x08007554       0x18 ./Core/Src/main.o
                0x08007554                PIN14
 .rodata.PIN15  0x0800756c       0x18 ./Core/Src/main.o
                0x0800756c                PIN15
 .rodata.PIN16  0x08007584       0x18 ./Core/Src/main.o
                0x08007584                PIN16
 .rodata.PIN17  0x0800759c       0x18 ./Core/Src/main.o
                0x0800759c                PIN17
 .rodata.PIN18  0x080075b4       0x18 ./Core/Src/main.o
                0x080075b4                PIN18
 .rodata.PIN19  0x080075cc       0x18 ./Core/Src/main.o
                0x080075cc                PIN19
 .rodata.PIN20  0x080075e4       0x18 ./Core/Src/main.o
                0x080075e4                PIN20
 .rodata.PIN21  0x080075fc       0x18 ./Core/Src/main.o
                0x080075fc                PIN21
 .rodata.PIN22  0x08007614       0x18 ./Core/Src/main.o
                0x08007614                PIN22
 .rodata.PIN23  0x0800762c       0x18 ./Core/Src/main.o
                0x0800762c                PIN23
 .rodata.PIN24  0x08007644       0x18 ./Core/Src/main.o
                0x08007644                PIN24
 .rodata.PIN25  0x0800765c       0x18 ./Core/Src/main.o
                0x0800765c                PIN25
 .rodata.PIN26  0x08007674       0x18 ./Core/Src/main.o
                0x08007674                PIN26
 .rodata.PIN27  0x0800768c       0x18 ./Core/Src/main.o
                0x0800768c                PIN27
 .rodata.PIN28  0x080076a4       0x18 ./Core/Src/main.o
                0x080076a4                PIN28
 .rodata.PIN29  0x080076bc       0x18 ./Core/Src/main.o
                0x080076bc                PIN29
 .rodata.PIN30  0x080076d4       0x18 ./Core/Src/main.o
                0x080076d4                PIN30
 .rodata.PIN31  0x080076ec       0x18 ./Core/Src/main.o
                0x080076ec                PIN31
 .rodata.PIN32  0x08007704       0x18 ./Core/Src/main.o
                0x08007704                PIN32
 .rodata.PIN33  0x0800771c       0x18 ./Core/Src/main.o
                0x0800771c                PIN33
 .rodata.PIN34  0x08007734       0x18 ./Core/Src/main.o
                0x08007734                PIN34
 .rodata.PIN35  0x0800774c       0x18 ./Core/Src/main.o
                0x0800774c                PIN35
 .rodata.PIN36  0x08007764       0x18 ./Core/Src/main.o
                0x08007764                PIN36
 .rodata.PIN37  0x0800777c       0x18 ./Core/Src/main.o
                0x0800777c                PIN37
 .rodata.PIN38  0x08007794       0x18 ./Core/Src/main.o
                0x08007794                PIN38
 .rodata.PIN39  0x080077ac       0x18 ./Core/Src/main.o
                0x080077ac                PIN39
 .rodata.PIN40  0x080077c4       0x18 ./Core/Src/main.o
                0x080077c4                PIN40
 .rodata.PIN41  0x080077dc       0x18 ./Core/Src/main.o
                0x080077dc                PIN41
 .rodata.PIN42  0x080077f4       0x18 ./Core/Src/main.o
                0x080077f4                PIN42
 .rodata.PIN43  0x0800780c       0x18 ./Core/Src/main.o
                0x0800780c                PIN43
 .rodata.PIN44  0x08007824       0x18 ./Core/Src/main.o
                0x08007824                PIN44
 .rodata.PIN45  0x0800783c       0x18 ./Core/Src/main.o
                0x0800783c                PIN45
 .rodata.PIN46  0x08007854       0x18 ./Core/Src/main.o
                0x08007854                PIN46
 .rodata.PIN47  0x0800786c       0x18 ./Core/Src/main.o
                0x0800786c                PIN47
 .rodata.PIN48  0x08007884       0x18 ./Core/Src/main.o
                0x08007884                PIN48
 .rodata.PIN49  0x0800789c       0x18 ./Core/Src/main.o
                0x0800789c                PIN49
 .rodata.PIN50  0x080078b4       0x18 ./Core/Src/main.o
                0x080078b4                PIN50
 .rodata.PIN51  0x080078cc       0x18 ./Core/Src/main.o
                0x080078cc                PIN51
 .rodata.PIN52  0x080078e4       0x18 ./Core/Src/main.o
                0x080078e4                PIN52
 .rodata.PIN53  0x080078fc       0x18 ./Core/Src/main.o
                0x080078fc                PIN53
 .rodata.PIN54  0x08007914       0x18 ./Core/Src/main.o
                0x08007914                PIN54
 .rodata.PIN55  0x0800792c       0x18 ./Core/Src/main.o
                0x0800792c                PIN55
 .rodata.PIN56  0x08007944       0x18 ./Core/Src/main.o
                0x08007944                PIN56
 .rodata.PIN57  0x0800795c       0x18 ./Core/Src/main.o
                0x0800795c                PIN57
 .rodata.PIN58  0x08007974       0x18 ./Core/Src/main.o
                0x08007974                PIN58
 .rodata.PIN59  0x0800798c       0x18 ./Core/Src/main.o
                0x0800798c                PIN59
 .rodata.PIN60  0x080079a4       0x18 ./Core/Src/main.o
                0x080079a4                PIN60
 .rodata.PIN61  0x080079bc       0x18 ./Core/Src/main.o
                0x080079bc                PIN61
 .rodata.PIN62  0x080079d4       0x18 ./Core/Src/main.o
                0x080079d4                PIN62
 .rodata.PIN63  0x080079ec       0x18 ./Core/Src/main.o
                0x080079ec                PIN63
 .rodata.PIN64  0x08007a04       0x18 ./Core/Src/main.o
                0x08007a04                PIN64
 .rodata.PIN65  0x08007a1c       0x18 ./Core/Src/main.o
                0x08007a1c                PIN65
 .rodata.PIN66  0x08007a34       0x18 ./Core/Src/main.o
                0x08007a34                PIN66
 .rodata.PIN67  0x08007a4c       0x18 ./Core/Src/main.o
                0x08007a4c                PIN67
 .rodata.PIN68  0x08007a64       0x18 ./Core/Src/main.o
                0x08007a64                PIN68
 .rodata.PIN69  0x08007a7c       0x18 ./Core/Src/main.o
                0x08007a7c                PIN69
 .rodata.PIN70  0x08007a94       0x18 ./Core/Src/main.o
                0x08007a94                PIN70
 .rodata.PIN71  0x08007aac       0x18 ./Core/Src/main.o
                0x08007aac                PIN71
 .rodata.PIN72  0x08007ac4       0x18 ./Core/Src/main.o
                0x08007ac4                PIN72
 .rodata.PIN73  0x08007adc       0x18 ./Core/Src/main.o
                0x08007adc                PIN73
 .rodata.PIN74  0x08007af4       0x18 ./Core/Src/main.o
                0x08007af4                PIN74
 .rodata.PIN75  0x08007b0c       0x18 ./Core/Src/main.o
                0x08007b0c                PIN75
 .rodata.PIN76  0x08007b24       0x18 ./Core/Src/main.o
                0x08007b24                PIN76
 .rodata.PIN77  0x08007b3c       0x18 ./Core/Src/main.o
                0x08007b3c                PIN77
 .rodata.PIN78  0x08007b54       0x18 ./Core/Src/main.o
                0x08007b54                PIN78
 .rodata.PIN79  0x08007b6c       0x18 ./Core/Src/main.o
                0x08007b6c                PIN79
 .rodata.PIN80  0x08007b84       0x18 ./Core/Src/main.o
                0x08007b84                PIN80
 .rodata.PIN81  0x08007b9c       0x18 ./Core/Src/main.o
                0x08007b9c                PIN81
 .rodata.PIN82  0x08007bb4       0x18 ./Core/Src/main.o
                0x08007bb4                PIN82
 .rodata.PIN83  0x08007bcc       0x18 ./Core/Src/main.o
                0x08007bcc                PIN83
 .rodata.PIN84  0x08007be4       0x18 ./Core/Src/main.o
                0x08007be4                PIN84
 .rodata.PIN85  0x08007bfc       0x18 ./Core/Src/main.o
                0x08007bfc                PIN85
 .rodata.PIN86  0x08007c14       0x18 ./Core/Src/main.o
                0x08007c14                PIN86
 .rodata.PIN87  0x08007c2c       0x18 ./Core/Src/main.o
                0x08007c2c                PIN87
 .rodata.PIN88  0x08007c44       0x18 ./Core/Src/main.o
                0x08007c44                PIN88
 .rodata.PIN89  0x08007c5c       0x18 ./Core/Src/main.o
                0x08007c5c                PIN89
 .rodata.PIN90  0x08007c74       0x18 ./Core/Src/main.o
                0x08007c74                PIN90
 .rodata.UARTPrescTable
                0x08007c8c       0x18 ./Drivers/STM32H7xx_HAL_Driver/stm32h7xx_hal_uart.o
                0x08007c8c                UARTPrescTable
 .rodata.numerator.1
                0x08007ca4        0x8 ./Drivers/STM32H7xx_HAL_Driver/stm32h7xx_hal_uart_ex.o
 .rodata.denominator.0
                0x08007cac        0x8 ./Drivers/STM32H7xx_HAL_Driver/stm32h7xx_hal_uart_ex.o
                0x08007cb4                        . = ALIGN (0x4)

.ARM.extab      0x08007cb4        0x0
                0x08007cb4                        . = ALIGN (0x4)
 *(.ARM.extab* .gnu.linkonce.armextab.*)
                0x08007cb4                        . = ALIGN (0x4)

.ARM            0x08007cb4        0x8
                0x08007cb4                        . = ALIGN (0x4)
                0x08007cb4                        __exidx_start = .
 *(.ARM.exidx*)
 .ARM.exidx     0x08007cb4        0x8 /Applications/STM32CubeIDE.app/Contents/Eclipse/plugins/com.st.stm32cube.ide.mcu.externaltools.gnu-tools-for-stm32.12.3.rel1.macos64_1.0.200.202406191456/tools/bin/../lib/gcc/arm-none-eabi/12.3.1/thumb/v7e-m+dp/hard/libgcc.a(_udivmoddi4.o)
                0x08007cbc                        __exidx_end = .
                0x08007cbc                        . = ALIGN (0x4)

.preinit_array  0x08007cbc        0x0
                0x08007cbc                        . = ALIGN (0x4)
                0x08007cbc                        PROVIDE (__preinit_array_start = .)
 *(.preinit_array*)
                0x08007cbc                        PROVIDE (__preinit_array_end = .)
                0x08007cbc                        . = ALIGN (0x4)

.init_array     0x08007cbc        0x4
                0x08007cbc                        . = ALIGN (0x4)
                0x08007cbc                        PROVIDE (__init_array_start = .)
 *(SORT_BY_NAME(.init_array.*))
 *(.init_array*)
 .init_array    0x08007cbc        0x4 /Applications/STM32CubeIDE.app/Contents/Eclipse/plugins/com.st.stm32cube.ide.mcu.externaltools.gnu-tools-for-stm32.12.3.rel1.macos64_1.0.200.202406191456/tools/bin/../lib/gcc/arm-none-eabi/12.3.1/thumb/v7e-m+dp/hard/crtbegin.o
                0x08007cc0                        PROVIDE (__init_array_end = .)
                0x08007cc0                        . = ALIGN (0x4)

.fini_array     0x08007cc0        0x4
                0x08007cc0                        . = ALIGN (0x4)
                [!provide]                        PROVIDE (__fini_array_start = .)
 *(SORT_BY_NAME(.fini_array.*))
 *(.fini_array*)
 .fini_array    0x08007cc0        0x4 /Applications/STM32CubeIDE.app/Contents/Eclipse/plugins/com.st.stm32cube.ide.mcu.externaltools.gnu-tools-for-stm32.12.3.rel1.macos64_1.0.200.202406191456/tools/bin/../lib/gcc/arm-none-eabi/12.3.1/thumb/v7e-m+dp/hard/crtbegin.o
                [!provide]                        PROVIDE (__fini_array_end = .)
                0x08007cc4                        . = ALIGN (0x4)
                0x08007cc4                        _sidata = LOADADDR (.data)

.rel.dyn        0x08007cc4        0x0
 .rel.iplt      0x08007cc4        0x0 /Applications/STM32CubeIDE.app/Contents/Eclipse/plugins/com.st.stm32cube.ide.mcu.externaltools.gnu-tools-for-stm32.12.3.rel1.macos64_1.0.200.202406191456/tools/bin/../lib/gcc/arm-none-eabi/12.3.1/thumb/v7e-m+dp/hard/crtbegin.o

.data           0x24000000      0x19c load address 0x08007cc4
                0x24000000                        . = ALIGN (0x4)
                0x24000000                        _sdata = .
 *(.data)
 *(.data*)
 .data.SystemCoreClock
                0x24000000        0x4 ./Common/Src/system_stm32h7xx_dualcore_boot_cm4_cm7.o
                0x24000000                SystemCoreClock
 .data.SystemD2Clock
                0x24000004        0x4 ./Common/Src/system_stm32h7xx_dualcore_boot_cm4_cm7.o
                0x24000004                SystemD2Clock
 .data.IOEXP_SPDT
                0x24000008       0x10 ./Core/Src/main.o
                0x24000008                IOEXP_SPDT
 .data.IOEXP_LED
                0x24000018       0x10 ./Core/Src/main.o
                0x24000018                IOEXP_LED
 .data.pins     0x24000028      0x16c ./Core/Src/main.o
                0x24000028                pins
 .data.uwTickPrio
                0x24000194        0x4 ./Drivers/STM32H7xx_HAL_Driver/stm32h7xx_hal.o
                0x24000194                uwTickPrio
 .data.uwTickFreq
                0x24000198        0x1 ./Drivers/STM32H7xx_HAL_Driver/stm32h7xx_hal.o
                0x24000198                uwTickFreq
 *(.RamFunc)
 *(.RamFunc*)
                0x2400019c                        . = ALIGN (0x4)
 *fill*         0x24000199        0x3 
                0x2400019c                        _edata = .

.igot.plt       0x2400019c        0x0 load address 0x08007e60
 .igot.plt      0x2400019c        0x0 /Applications/STM32CubeIDE.app/Contents/Eclipse/plugins/com.st.stm32cube.ide.mcu.externaltools.gnu-tools-for-stm32.12.3.rel1.macos64_1.0.200.202406191456/tools/bin/../lib/gcc/arm-none-eabi/12.3.1/thumb/v7e-m+dp/hard/crtbegin.o
                0x2400019c                        . = ALIGN (0x4)

.bss            0x2400019c      0x674 load address 0x08007e60
                0x2400019c                        _sbss = .
                0x2400019c                        __bss_start__ = _sbss
 *(.bss)
 .bss           0x2400019c       0x1c /Applications/STM32CubeIDE.app/Contents/Eclipse/plugins/com.st.stm32cube.ide.mcu.externaltools.gnu-tools-for-stm32.12.3.rel1.macos64_1.0.200.202406191456/tools/bin/../lib/gcc/arm-none-eabi/12.3.1/thumb/v7e-m+dp/hard/crtbegin.o
 *(.bss*)
 .bss.hi2c2     0x240001b8       0x54 ./Core/Src/main.o
                0x240001b8                hi2c2
 .bss.hspi1     0x2400020c       0x88 ./Core/Src/main.o
                0x2400020c                hspi1
 .bss.huart1    0x24000294       0x94 ./Core/Src/main.o
                0x24000294                huart1
 .bss.hpcd_USB_OTG_FS
                0x24000328      0x4e4 ./Core/Src/main.o
                0x24000328                hpcd_USB_OTG_FS
 .bss.uwTick    0x2400080c        0x4 ./Drivers/STM32H7xx_HAL_Driver/stm32h7xx_hal.o
                0x2400080c                uwTick
 *(COMMON)
                0x24000810                        . = ALIGN (0x4)
                0x24000810                        _ebss = .
                0x24000810                        __bss_end__ = _ebss

._user_heap_stack
                0x24000810      0x600 load address 0x08007e60
                0x24000810                        . = ALIGN (0x8)
                [!provide]                        PROVIDE (end = .)
                0x24000810                        PROVIDE (_end = .)
                0x24000a10                        . = (. + _Min_Heap_Size)
 *fill*         0x24000810      0x200 
                0x24000e10                        . = (. + _Min_Stack_Size)
 *fill*         0x24000a10      0x400 
                0x24000e10                        . = ALIGN (0x8)

/DISCARD/
 libc.a(*)
 libm.a(*)
 libgcc.a(*)

.ARM.attributes
                0x00000000       0x2e
 *(.ARM.attributes)
 .ARM.attributes
                0x00000000       0x20 /Applications/STM32CubeIDE.app/Contents/Eclipse/plugins/com.st.stm32cube.ide.mcu.externaltools.gnu-tools-for-stm32.12.3.rel1.macos64_1.0.200.202406191456/tools/bin/../lib/gcc/arm-none-eabi/12.3.1/thumb/v7e-m+dp/hard/crti.o
 .ARM.attributes
                0x00000020       0x32 /Applications/STM32CubeIDE.app/Contents/Eclipse/plugins/com.st.stm32cube.ide.mcu.externaltools.gnu-tools-for-stm32.12.3.rel1.macos64_1.0.200.202406191456/tools/bin/../lib/gcc/arm-none-eabi/12.3.1/thumb/v7e-m+dp/hard/crtbegin.o
 .ARM.attributes
                0x00000052       0x32 ./Common/Src/system_stm32h7xx_dualcore_boot_cm4_cm7.o
 .ARM.attributes
                0x00000084       0x32 ./Core/Src/main.o
 .ARM.attributes
                0x000000b6       0x32 ./Core/Src/stm32h7xx_hal_msp.o
 .ARM.attributes
                0x000000e8       0x32 ./Core/Src/stm32h7xx_it.o
 .ARM.attributes
                0x0000011a       0x21 ./Core/Startup/startup_stm32h755zitx.o
 .ARM.attributes
                0x0000013b       0x32 ./Drivers/STM32H7xx_HAL_Driver/stm32h7xx_hal.o
 .ARM.attributes
                0x0000016d       0x32 ./Drivers/STM32H7xx_HAL_Driver/stm32h7xx_hal_cortex.o
 .ARM.attributes
                0x0000019f       0x32 ./Drivers/STM32H7xx_HAL_Driver/stm32h7xx_hal_gpio.o
 .ARM.attributes
                0x000001d1       0x32 ./Drivers/STM32H7xx_HAL_Driver/stm32h7xx_hal_hsem.o
 .ARM.attributes
                0x00000203       0x32 ./Drivers/STM32H7xx_HAL_Driver/stm32h7xx_hal_i2c.o
 .ARM.attributes
                0x00000235       0x32 ./Drivers/STM32H7xx_HAL_Driver/stm32h7xx_hal_i2c_ex.o
 .ARM.attributes
                0x00000267       0x32 ./Drivers/STM32H7xx_HAL_Driver/stm32h7xx_hal_pcd.o
 .ARM.attributes
                0x00000299       0x32 ./Drivers/STM32H7xx_HAL_Driver/stm32h7xx_hal_pcd_ex.o
 .ARM.attributes
                0x000002cb       0x32 ./Drivers/STM32H7xx_HAL_Driver/stm32h7xx_hal_pwr_ex.o
 .ARM.attributes
                0x000002fd       0x32 ./Drivers/STM32H7xx_HAL_Driver/stm32h7xx_hal_rcc.o
 .ARM.attributes
                0x0000032f       0x32 ./Drivers/STM32H7xx_HAL_Driver/stm32h7xx_hal_rcc_ex.o
 .ARM.attributes
                0x00000361       0x32 ./Drivers/STM32H7xx_HAL_Driver/stm32h7xx_hal_spi.o
 .ARM.attributes
                0x00000393       0x32 ./Drivers/STM32H7xx_HAL_Driver/stm32h7xx_hal_uart.o
 .ARM.attributes
                0x000003c5       0x32 ./Drivers/STM32H7xx_HAL_Driver/stm32h7xx_hal_uart_ex.o
 .ARM.attributes
                0x000003f7       0x32 ./Drivers/STM32H7xx_HAL_Driver/stm32h7xx_ll_usb.o
 .ARM.attributes
                0x00000429       0x32 /Applications/STM32CubeIDE.app/Contents/Eclipse/plugins/com.st.stm32cube.ide.mcu.externaltools.gnu-tools-for-stm32.12.3.rel1.macos64_1.0.200.202406191456/tools/bin/../lib/gcc/arm-none-eabi/12.3.1/../../../../arm-none-eabi/lib/thumb/v7e-m+dp/hard/libc_nano.a(libc_a-memset.o)
 .ARM.attributes
                0x0000045b       0x32 /Applications/STM32CubeIDE.app/Contents/Eclipse/plugins/com.st.stm32cube.ide.mcu.externaltools.gnu-tools-for-stm32.12.3.rel1.macos64_1.0.200.202406191456/tools/bin/../lib/gcc/arm-none-eabi/12.3.1/../../../../arm-none-eabi/lib/thumb/v7e-m+dp/hard/libc_nano.a(libc_a-init.o)
 .ARM.attributes
                0x0000048d       0x20 /Applications/STM32CubeIDE.app/Contents/Eclipse/plugins/com.st.stm32cube.ide.mcu.externaltools.gnu-tools-for-stm32.12.3.rel1.macos64_1.0.200.202406191456/tools/bin/../lib/gcc/arm-none-eabi/12.3.1/thumb/v7e-m+dp/hard/libgcc.a(_aeabi_uldivmod.o)
 .ARM.attributes
                0x000004ad       0x32 /Applications/STM32CubeIDE.app/Contents/Eclipse/plugins/com.st.stm32cube.ide.mcu.externaltools.gnu-tools-for-stm32.12.3.rel1.macos64_1.0.200.202406191456/tools/bin/../lib/gcc/arm-none-eabi/12.3.1/thumb/v7e-m+dp/hard/libgcc.a(_udivmoddi4.o)
 .ARM.attributes
                0x000004df       0x20 /Applications/STM32CubeIDE.app/Contents/Eclipse/plugins/com.st.stm32cube.ide.mcu.externaltools.gnu-tools-for-stm32.12.3.rel1.macos64_1.0.200.202406191456/tools/bin/../lib/gcc/arm-none-eabi/12.3.1/thumb/v7e-m+dp/hard/libgcc.a(_dvmd_tls.o)
 .ARM.attributes
                0x000004ff       0x20 /Applications/STM32CubeIDE.app/Contents/Eclipse/plugins/com.st.stm32cube.ide.mcu.externaltools.gnu-tools-for-stm32.12.3.rel1.macos64_1.0.200.202406191456/tools/bin/../lib/gcc/arm-none-eabi/12.3.1/thumb/v7e-m+dp/hard/crtn.o
OUTPUT(BB_Full_Test_CM7.elf elf32-littlearm)
LOAD linker stubs
LOAD /Applications/STM32CubeIDE.app/Contents/Eclipse/plugins/com.st.stm32cube.ide.mcu.externaltools.gnu-tools-for-stm32.12.3.rel1.macos64_1.0.200.202406191456/tools/bin/../lib/gcc/arm-none-eabi/12.3.1/../../../../arm-none-eabi/lib/thumb/v7e-m+dp/hard/libc.a
LOAD /Applications/STM32CubeIDE.app/Contents/Eclipse/plugins/com.st.stm32cube.ide.mcu.externaltools.gnu-tools-for-stm32.12.3.rel1.macos64_1.0.200.202406191456/tools/bin/../lib/gcc/arm-none-eabi/12.3.1/../../../../arm-none-eabi/lib/thumb/v7e-m+dp/hard/libm.a
LOAD /Applications/STM32CubeIDE.app/Contents/Eclipse/plugins/com.st.stm32cube.ide.mcu.externaltools.gnu-tools-for-stm32.12.3.rel1.macos64_1.0.200.202406191456/tools/bin/../lib/gcc/arm-none-eabi/12.3.1/thumb/v7e-m+dp/hard/libgcc.a

.debug_info     0x00000000    0x19cc3
 .debug_info    0x00000000      0xdb0 ./Common/Src/system_stm32h7xx_dualcore_boot_cm4_cm7.o
 .debug_info    0x00000db0     0x2c39 ./Core/Src/main.o
 .debug_info    0x000039e9     0x1d9e ./Core/Src/stm32h7xx_hal_msp.o
 .debug_info    0x00005787      0x128 ./Core/Src/stm32h7xx_it.o
 .debug_info    0x000058af       0x30 ./Core/Startup/startup_stm32h755zitx.o
 .debug_info    0x000058df     0x177a ./Drivers/STM32H7xx_HAL_Driver/stm32h7xx_hal.o
 .debug_info    0x00007059     0x10d0 ./Drivers/STM32H7xx_HAL_Driver/stm32h7xx_hal_cortex.o
 .debug_info    0x00008129      0xcf7 ./Drivers/STM32H7xx_HAL_Driver/stm32h7xx_hal_gpio.o
 .debug_info    0x00008e20      0x3d3 ./Drivers/STM32H7xx_HAL_Driver/stm32h7xx_hal_hsem.o
 .debug_info    0x000091f3     0x22a1 ./Drivers/STM32H7xx_HAL_Driver/stm32h7xx_hal_i2c.o
 .debug_info    0x0000b494      0xd84 ./Drivers/STM32H7xx_HAL_Driver/stm32h7xx_hal_i2c_ex.o
 .debug_info    0x0000c218     0x1561 ./Drivers/STM32H7xx_HAL_Driver/stm32h7xx_hal_pcd.o
 .debug_info    0x0000d779      0x8b3 ./Drivers/STM32H7xx_HAL_Driver/stm32h7xx_hal_pcd_ex.o
 .debug_info    0x0000e02c     0x121b ./Drivers/STM32H7xx_HAL_Driver/stm32h7xx_hal_pwr_ex.o
 .debug_info    0x0000f247      0xe58 ./Drivers/STM32H7xx_HAL_Driver/stm32h7xx_hal_rcc.o
 .debug_info    0x0001009f     0x12f4 ./Drivers/STM32H7xx_HAL_Driver/stm32h7xx_hal_rcc_ex.o
 .debug_info    0x00011393     0x1440 ./Drivers/STM32H7xx_HAL_Driver/stm32h7xx_hal_spi.o
 .debug_info    0x000127d3     0x4b13 ./Drivers/STM32H7xx_HAL_Driver/stm32h7xx_hal_uart.o
 .debug_info    0x000172e6      0xfbf ./Drivers/STM32H7xx_HAL_Driver/stm32h7xx_hal_uart_ex.o
 .debug_info    0x000182a5     0x1a1e ./Drivers/STM32H7xx_HAL_Driver/stm32h7xx_ll_usb.o

.debug_abbrev   0x00000000     0x2ec5
 .debug_abbrev  0x00000000      0x14c ./Common/Src/system_stm32h7xx_dualcore_boot_cm4_cm7.o
 .debug_abbrev  0x0000014c      0x3bd ./Core/Src/main.o
 .debug_abbrev  0x00000509      0x287 ./Core/Src/stm32h7xx_hal_msp.o
 .debug_abbrev  0x00000790       0x73 ./Core/Src/stm32h7xx_it.o
 .debug_abbrev  0x00000803       0x24 ./Core/Startup/startup_stm32h755zitx.o
 .debug_abbrev  0x00000827      0x295 ./Drivers/STM32H7xx_HAL_Driver/stm32h7xx_hal.o
 .debug_abbrev  0x00000abc      0x339 ./Drivers/STM32H7xx_HAL_Driver/stm32h7xx_hal_cortex.o
 .debug_abbrev  0x00000df5      0x1fe ./Drivers/STM32H7xx_HAL_Driver/stm32h7xx_hal_gpio.o
 .debug_abbrev  0x00000ff3      0x1d3 ./Drivers/STM32H7xx_HAL_Driver/stm32h7xx_hal_hsem.o
 .debug_abbrev  0x000011c6      0x25d ./Drivers/STM32H7xx_HAL_Driver/stm32h7xx_hal_i2c.o
 .debug_abbrev  0x00001423      0x1f5 ./Drivers/STM32H7xx_HAL_Driver/stm32h7xx_hal_i2c_ex.o
 .debug_abbrev  0x00001618      0x2dc ./Drivers/STM32H7xx_HAL_Driver/stm32h7xx_hal_pcd.o
 .debug_abbrev  0x000018f4      0x256 ./Drivers/STM32H7xx_HAL_Driver/stm32h7xx_hal_pcd_ex.o
 .debug_abbrev  0x00001b4a      0x2d7 ./Drivers/STM32H7xx_HAL_Driver/stm32h7xx_hal_pwr_ex.o
 .debug_abbrev  0x00001e21      0x2c8 ./Drivers/STM32H7xx_HAL_Driver/stm32h7xx_hal_rcc.o
 .debug_abbrev  0x000020e9      0x269 ./Drivers/STM32H7xx_HAL_Driver/stm32h7xx_hal_rcc_ex.o
 .debug_abbrev  0x00002352      0x2b1 ./Drivers/STM32H7xx_HAL_Driver/stm32h7xx_hal_spi.o
 .debug_abbrev  0x00002603      0x33d ./Drivers/STM32H7xx_HAL_Driver/stm32h7xx_hal_uart.o
 .debug_abbrev  0x00002940      0x2d2 ./Drivers/STM32H7xx_HAL_Driver/stm32h7xx_hal_uart_ex.o
 .debug_abbrev  0x00002c12      0x2b3 ./Drivers/STM32H7xx_HAL_Driver/stm32h7xx_ll_usb.o

.debug_aranges  0x00000000     0x1390
 .debug_aranges
                0x00000000       0x28 ./Common/Src/system_stm32h7xx_dualcore_boot_cm4_cm7.o
 .debug_aranges
                0x00000028       0xd0 ./Core/Src/main.o
 .debug_aranges
                0x000000f8       0x60 ./Core/Src/stm32h7xx_hal_msp.o
 .debug_aranges
                0x00000158       0x60 ./Core/Src/stm32h7xx_it.o
 .debug_aranges
                0x000001b8       0x28 ./Core/Startup/startup_stm32h755zitx.o
 .debug_aranges
                0x000001e0      0x200 ./Drivers/STM32H7xx_HAL_Driver/stm32h7xx_hal.o
 .debug_aranges
                0x000003e0      0x130 ./Drivers/STM32H7xx_HAL_Driver/stm32h7xx_hal_cortex.o
 .debug_aranges
                0x00000510       0x58 ./Drivers/STM32H7xx_HAL_Driver/stm32h7xx_hal_gpio.o
 .debug_aranges
                0x00000568       0x70 ./Drivers/STM32H7xx_HAL_Driver/stm32h7xx_hal_hsem.o
 .debug_aranges
                0x000005d8      0x2a0 ./Drivers/STM32H7xx_HAL_Driver/stm32h7xx_hal_i2c.o
 .debug_aranges
                0x00000878       0x48 ./Drivers/STM32H7xx_HAL_Driver/stm32h7xx_hal_i2c_ex.o
 .debug_aranges
                0x000008c0      0x140 ./Drivers/STM32H7xx_HAL_Driver/stm32h7xx_hal_pcd.o
 .debug_aranges
                0x00000a00       0x60 ./Drivers/STM32H7xx_HAL_Driver/stm32h7xx_hal_pcd_ex.o
 .debug_aranges
                0x00000a60      0x170 ./Drivers/STM32H7xx_HAL_Driver/stm32h7xx_hal_pwr_ex.o
 .debug_aranges
                0x00000bd0       0x88 ./Drivers/STM32H7xx_HAL_Driver/stm32h7xx_hal_rcc.o
 .debug_aranges
                0x00000c58      0x100 ./Drivers/STM32H7xx_HAL_Driver/stm32h7xx_hal_rcc_ex.o
 .debug_aranges
                0x00000d58      0x1a8 ./Drivers/STM32H7xx_HAL_Driver/stm32h7xx_hal_spi.o
 .debug_aranges
                0x00000f00      0x248 ./Drivers/STM32H7xx_HAL_Driver/stm32h7xx_hal_uart.o
 .debug_aranges
                0x00001148       0xa8 ./Drivers/STM32H7xx_HAL_Driver/stm32h7xx_hal_uart_ex.o
 .debug_aranges
                0x000011f0      0x1a0 ./Drivers/STM32H7xx_HAL_Driver/stm32h7xx_ll_usb.o

.debug_rnglists
                0x00000000      0xf35
 .debug_rnglists
                0x00000000       0x1b ./Common/Src/system_stm32h7xx_dualcore_boot_cm4_cm7.o
 .debug_rnglists
                0x0000001b       0xa4 ./Core/Src/main.o
 .debug_rnglists
                0x000000bf       0x47 ./Core/Src/stm32h7xx_hal_msp.o
 .debug_rnglists
                0x00000106       0x43 ./Core/Src/stm32h7xx_it.o
 .debug_rnglists
                0x00000149       0x19 ./Core/Startup/startup_stm32h755zitx.o
 .debug_rnglists
                0x00000162      0x180 ./Drivers/STM32H7xx_HAL_Driver/stm32h7xx_hal.o
 .debug_rnglists
                0x000002e2       0xe0 ./Drivers/STM32H7xx_HAL_Driver/stm32h7xx_hal_cortex.o
 .debug_rnglists
                0x000003c2       0x3f ./Drivers/STM32H7xx_HAL_Driver/stm32h7xx_hal_gpio.o
 .debug_rnglists
                0x00000401       0x4f ./Drivers/STM32H7xx_HAL_Driver/stm32h7xx_hal_hsem.o
 .debug_rnglists
                0x00000450      0x22a ./Drivers/STM32H7xx_HAL_Driver/stm32h7xx_hal_i2c.o
 .debug_rnglists
                0x0000067a       0x35 ./Drivers/STM32H7xx_HAL_Driver/stm32h7xx_hal_i2c_ex.o
 .debug_rnglists
                0x000006af       0xf4 ./Drivers/STM32H7xx_HAL_Driver/stm32h7xx_hal_pcd.o
 .debug_rnglists
                0x000007a3       0x45 ./Drivers/STM32H7xx_HAL_Driver/stm32h7xx_hal_pcd_ex.o
 .debug_rnglists
                0x000007e8      0x117 ./Drivers/STM32H7xx_HAL_Driver/stm32h7xx_hal_pwr_ex.o
 .debug_rnglists
                0x000008ff       0x68 ./Drivers/STM32H7xx_HAL_Driver/stm32h7xx_hal_rcc.o
 .debug_rnglists
                0x00000967       0xc6 ./Drivers/STM32H7xx_HAL_Driver/stm32h7xx_hal_rcc_ex.o
 .debug_rnglists
                0x00000a2d      0x148 ./Drivers/STM32H7xx_HAL_Driver/stm32h7xx_hal_spi.o
 .debug_rnglists
                0x00000b75      0x1fa ./Drivers/STM32H7xx_HAL_Driver/stm32h7xx_hal_uart.o
 .debug_rnglists
                0x00000d6f       0x7f ./Drivers/STM32H7xx_HAL_Driver/stm32h7xx_hal_uart_ex.o
 .debug_rnglists
                0x00000dee      0x147 ./Drivers/STM32H7xx_HAL_Driver/stm32h7xx_ll_usb.o

.debug_macro    0x00000000    0x3af44
 .debug_macro   0x00000000      0x2d2 ./Common/Src/system_stm32h7xx_dualcore_boot_cm4_cm7.o
 .debug_macro   0x000002d2      0xad2 ./Common/Src/system_stm32h7xx_dualcore_boot_cm4_cm7.o
 .debug_macro   0x00000da4       0x2e ./Common/Src/system_stm32h7xx_dualcore_boot_cm4_cm7.o
 .debug_macro   0x00000dd2       0x49 ./Common/Src/system_stm32h7xx_dualcore_boot_cm4_cm7.o
 .debug_macro   0x00000e1b       0x22 ./Common/Src/system_stm32h7xx_dualcore_boot_cm4_cm7.o
 .debug_macro   0x00000e3d       0x8e ./Common/Src/system_stm32h7xx_dualcore_boot_cm4_cm7.o
 .debug_macro   0x00000ecb       0x51 ./Common/Src/system_stm32h7xx_dualcore_boot_cm4_cm7.o
 .debug_macro   0x00000f1c      0x103 ./Common/Src/system_stm32h7xx_dualcore_boot_cm4_cm7.o
 .debug_macro   0x0000101f       0x6a ./Common/Src/system_stm32h7xx_dualcore_boot_cm4_cm7.o
 .debug_macro   0x00001089      0x1df ./Common/Src/system_stm32h7xx_dualcore_boot_cm4_cm7.o
 .debug_macro   0x00001268       0x1c ./Common/Src/system_stm32h7xx_dualcore_boot_cm4_cm7.o
 .debug_macro   0x00001284       0x22 ./Common/Src/system_stm32h7xx_dualcore_boot_cm4_cm7.o
 .debug_macro   0x000012a6       0xfb ./Common/Src/system_stm32h7xx_dualcore_boot_cm4_cm7.o
 .debug_macro   0x000013a1     0x1305 ./Common/Src/system_stm32h7xx_dualcore_boot_cm4_cm7.o
 .debug_macro   0x000026a6      0x11f ./Common/Src/system_stm32h7xx_dualcore_boot_cm4_cm7.o
 .debug_macro   0x000027c5       0x27 ./Common/Src/system_stm32h7xx_dualcore_boot_cm4_cm7.o
 .debug_macro   0x000027ec    0x273f2 ./Common/Src/system_stm32h7xx_dualcore_boot_cm4_cm7.o
 .debug_macro   0x00029bde       0x6d ./Common/Src/system_stm32h7xx_dualcore_boot_cm4_cm7.o
 .debug_macro   0x00029c4b      0x23e ./Common/Src/system_stm32h7xx_dualcore_boot_cm4_cm7.o
 .debug_macro   0x00029e89     0x3d79 ./Common/Src/system_stm32h7xx_dualcore_boot_cm4_cm7.o
 .debug_macro   0x0002dc02      0x189 ./Common/Src/system_stm32h7xx_dualcore_boot_cm4_cm7.o
 .debug_macro   0x0002dd8b       0x61 ./Common/Src/system_stm32h7xx_dualcore_boot_cm4_cm7.o
 .debug_macro   0x0002ddec       0x29 ./Common/Src/system_stm32h7xx_dualcore_boot_cm4_cm7.o
 .debug_macro   0x0002de15       0x43 ./Common/Src/system_stm32h7xx_dualcore_boot_cm4_cm7.o
 .debug_macro   0x0002de58       0x34 ./Common/Src/system_stm32h7xx_dualcore_boot_cm4_cm7.o
 .debug_macro   0x0002de8c       0x16 ./Common/Src/system_stm32h7xx_dualcore_boot_cm4_cm7.o
 .debug_macro   0x0002dea2       0x43 ./Common/Src/system_stm32h7xx_dualcore_boot_cm4_cm7.o
 .debug_macro   0x0002dee5       0x34 ./Common/Src/system_stm32h7xx_dualcore_boot_cm4_cm7.o
 .debug_macro   0x0002df19       0x10 ./Common/Src/system_stm32h7xx_dualcore_boot_cm4_cm7.o
 .debug_macro   0x0002df29       0x58 ./Common/Src/system_stm32h7xx_dualcore_boot_cm4_cm7.o
 .debug_macro   0x0002df81       0x8e ./Common/Src/system_stm32h7xx_dualcore_boot_cm4_cm7.o
 .debug_macro   0x0002e00f       0x1c ./Common/Src/system_stm32h7xx_dualcore_boot_cm4_cm7.o
 .debug_macro   0x0002e02b      0x177 ./Common/Src/system_stm32h7xx_dualcore_boot_cm4_cm7.o
 .debug_macro   0x0002e1a2      0x369 ./Common/Src/system_stm32h7xx_dualcore_boot_cm4_cm7.o
 .debug_macro   0x0002e50b      0x19b ./Common/Src/system_stm32h7xx_dualcore_boot_cm4_cm7.o
 .debug_macro   0x0002e6a6       0x5d ./Common/Src/system_stm32h7xx_dualcore_boot_cm4_cm7.o
 .debug_macro   0x0002e703     0x3b99 ./Common/Src/system_stm32h7xx_dualcore_boot_cm4_cm7.o
 .debug_macro   0x0003229c     0x1072 ./Common/Src/system_stm32h7xx_dualcore_boot_cm4_cm7.o
 .debug_macro   0x0003330e      0x154 ./Common/Src/system_stm32h7xx_dualcore_boot_cm4_cm7.o
 .debug_macro   0x00033462      0x130 ./Common/Src/system_stm32h7xx_dualcore_boot_cm4_cm7.o
 .debug_macro   0x00033592      0x3c2 ./Common/Src/system_stm32h7xx_dualcore_boot_cm4_cm7.o
 .debug_macro   0x00033954       0xac ./Common/Src/system_stm32h7xx_dualcore_boot_cm4_cm7.o
 .debug_macro   0x00033a00      0x72d ./Common/Src/system_stm32h7xx_dualcore_boot_cm4_cm7.o
 .debug_macro   0x0003412d      0x228 ./Common/Src/system_stm32h7xx_dualcore_boot_cm4_cm7.o
 .debug_macro   0x00034355       0x66 ./Common/Src/system_stm32h7xx_dualcore_boot_cm4_cm7.o
 .debug_macro   0x000343bb      0x3bb ./Common/Src/system_stm32h7xx_dualcore_boot_cm4_cm7.o
 .debug_macro   0x00034776      0x407 ./Common/Src/system_stm32h7xx_dualcore_boot_cm4_cm7.o
 .debug_macro   0x00034b7d      0x27c ./Common/Src/system_stm32h7xx_dualcore_boot_cm4_cm7.o
 .debug_macro   0x00034df9      0x3ca ./Common/Src/system_stm32h7xx_dualcore_boot_cm4_cm7.o
 .debug_macro   0x000351c3      0x4a2 ./Common/Src/system_stm32h7xx_dualcore_boot_cm4_cm7.o
 .debug_macro   0x00035665       0x51 ./Common/Src/system_stm32h7xx_dualcore_boot_cm4_cm7.o
 .debug_macro   0x000356b6       0x4a ./Common/Src/system_stm32h7xx_dualcore_boot_cm4_cm7.o
 .debug_macro   0x00035700      0x22c ./Common/Src/system_stm32h7xx_dualcore_boot_cm4_cm7.o
 .debug_macro   0x0003592c       0x67 ./Common/Src/system_stm32h7xx_dualcore_boot_cm4_cm7.o
 .debug_macro   0x00035993       0xa5 ./Common/Src/system_stm32h7xx_dualcore_boot_cm4_cm7.o
 .debug_macro   0x00035a38      0x218 ./Common/Src/system_stm32h7xx_dualcore_boot_cm4_cm7.o
 .debug_macro   0x00035c50      0x2ea ./Common/Src/system_stm32h7xx_dualcore_boot_cm4_cm7.o
 .debug_macro   0x00035f3a       0x35 ./Common/Src/system_stm32h7xx_dualcore_boot_cm4_cm7.o
 .debug_macro   0x00035f6f      0x5e4 ./Common/Src/system_stm32h7xx_dualcore_boot_cm4_cm7.o
 .debug_macro   0x00036553       0xc1 ./Common/Src/system_stm32h7xx_dualcore_boot_cm4_cm7.o
 .debug_macro   0x00036614      0x693 ./Common/Src/system_stm32h7xx_dualcore_boot_cm4_cm7.o
 .debug_macro   0x00036ca7       0xa6 ./Common/Src/system_stm32h7xx_dualcore_boot_cm4_cm7.o
 .debug_macro   0x00036d4d      0x293 ./Common/Src/system_stm32h7xx_dualcore_boot_cm4_cm7.o
 .debug_macro   0x00036fe0       0x90 ./Common/Src/system_stm32h7xx_dualcore_boot_cm4_cm7.o
 .debug_macro   0x00037070      0x798 ./Common/Src/system_stm32h7xx_dualcore_boot_cm4_cm7.o
 .debug_macro   0x00037808      0x34f ./Core/Src/main.o
 .debug_macro   0x00037b57       0x22 ./Core/Src/main.o
 .debug_macro   0x00037b79       0x1c ./Core/Src/main.o
 .debug_macro   0x00037b95       0x35 ./Core/Src/main.o
 .debug_macro   0x00037bca       0x10 ./Core/Src/main.o
 .debug_macro   0x00037bda       0x1c ./Core/Src/main.o
 .debug_macro   0x00037bf6       0x16 ./Core/Src/main.o
 .debug_macro   0x00037c0c      0x146 ./Core/Src/main.o
 .debug_macro   0x00037d52      0x2dc ./Core/Src/stm32h7xx_hal_msp.o
 .debug_macro   0x0003802e      0x2e6 ./Core/Src/stm32h7xx_it.o
 .debug_macro   0x00038314      0x2fc ./Drivers/STM32H7xx_HAL_Driver/stm32h7xx_hal.o
 .debug_macro   0x00038610      0x2d2 ./Drivers/STM32H7xx_HAL_Driver/stm32h7xx_hal_cortex.o
 .debug_macro   0x000388e2      0x2e6 ./Drivers/STM32H7xx_HAL_Driver/stm32h7xx_hal_gpio.o
 .debug_macro   0x00038bc8      0x2e4 ./Drivers/STM32H7xx_HAL_Driver/stm32h7xx_hal_hsem.o
 .debug_macro   0x00038eac      0x39e ./Drivers/STM32H7xx_HAL_Driver/stm32h7xx_hal_i2c.o
 .debug_macro   0x0003924a      0x2d2 ./Drivers/STM32H7xx_HAL_Driver/stm32h7xx_hal_i2c_ex.o
 .debug_macro   0x0003951c      0x2de ./Drivers/STM32H7xx_HAL_Driver/stm32h7xx_hal_pcd.o
 .debug_macro   0x000397fa      0x2d2 ./Drivers/STM32H7xx_HAL_Driver/stm32h7xx_hal_pcd_ex.o
 .debug_macro   0x00039acc      0x30b ./Drivers/STM32H7xx_HAL_Driver/stm32h7xx_hal_pwr_ex.o
 .debug_macro   0x00039dd7      0x2f6 ./Drivers/STM32H7xx_HAL_Driver/stm32h7xx_hal_rcc.o
 .debug_macro   0x0003a0cd      0x2f0 ./Drivers/STM32H7xx_HAL_Driver/stm32h7xx_hal_rcc_ex.o
 .debug_macro   0x0003a3bd      0x2da ./Drivers/STM32H7xx_HAL_Driver/stm32h7xx_hal_spi.o
 .debug_macro   0x0003a697      0x2fd ./Drivers/STM32H7xx_HAL_Driver/stm32h7xx_hal_uart.o
 .debug_macro   0x0003a994      0x2de ./Drivers/STM32H7xx_HAL_Driver/stm32h7xx_hal_uart_ex.o
 .debug_macro   0x0003ac72      0x2d2 ./Drivers/STM32H7xx_HAL_Driver/stm32h7xx_ll_usb.o

.debug_line     0x00000000    0x1a762
 .debug_line    0x00000000      0xadf ./Common/Src/system_stm32h7xx_dualcore_boot_cm4_cm7.o
 .debug_line    0x00000adf     0x100c ./Core/Src/main.o
 .debug_line    0x00001aeb      0xa52 ./Core/Src/stm32h7xx_hal_msp.o
 .debug_line    0x0000253d      0x993 ./Core/Src/stm32h7xx_it.o
 .debug_line    0x00002ed0       0x7a ./Core/Startup/startup_stm32h755zitx.o
 .debug_line    0x00002f4a     0x100f ./Drivers/STM32H7xx_HAL_Driver/stm32h7xx_hal.o
 .debug_line    0x00003f59      0xeeb ./Drivers/STM32H7xx_HAL_Driver/stm32h7xx_hal_cortex.o
 .debug_line    0x00004e44      0xd88 ./Drivers/STM32H7xx_HAL_Driver/stm32h7xx_hal_gpio.o
 .debug_line    0x00005bcc      0xa78 ./Drivers/STM32H7xx_HAL_Driver/stm32h7xx_hal_hsem.o
 .debug_line    0x00006644     0x3f1c ./Drivers/STM32H7xx_HAL_Driver/stm32h7xx_hal_i2c.o
 .debug_line    0x0000a560      0xb1d ./Drivers/STM32H7xx_HAL_Driver/stm32h7xx_hal_i2c_ex.o
 .debug_line    0x0000b07d     0x16cb ./Drivers/STM32H7xx_HAL_Driver/stm32h7xx_hal_pcd.o
 .debug_line    0x0000c748      0xb0d ./Drivers/STM32H7xx_HAL_Driver/stm32h7xx_hal_pcd_ex.o
 .debug_line    0x0000d255     0x10f0 ./Drivers/STM32H7xx_HAL_Driver/stm32h7xx_hal_pwr_ex.o
 .debug_line    0x0000e345     0x1480 ./Drivers/STM32H7xx_HAL_Driver/stm32h7xx_hal_rcc.o
 .debug_line    0x0000f7c5     0x1db0 ./Drivers/STM32H7xx_HAL_Driver/stm32h7xx_hal_rcc_ex.o
 .debug_line    0x00011575     0x23d0 ./Drivers/STM32H7xx_HAL_Driver/stm32h7xx_hal_spi.o
 .debug_line    0x00013945     0x3f3e ./Drivers/STM32H7xx_HAL_Driver/stm32h7xx_hal_uart.o
 .debug_line    0x00017883      0xf4e ./Drivers/STM32H7xx_HAL_Driver/stm32h7xx_hal_uart_ex.o
 .debug_line    0x000187d1     0x1f91 ./Drivers/STM32H7xx_HAL_Driver/stm32h7xx_ll_usb.o

.debug_str      0x00000000   0x181e02
 .debug_str     0x00000000   0x17a41d ./Common/Src/system_stm32h7xx_dualcore_boot_cm4_cm7.o
                             0x17a88d (size before relaxing)
 .debug_str     0x0017a41d     0x1d47 ./Core/Src/main.o
                             0x17c379 (size before relaxing)
 .debug_str     0x0017c164      0x41e ./Core/Src/stm32h7xx_hal_msp.o
                             0x17b7dc (size before relaxing)
 .debug_str     0x0017c582       0xc9 ./Core/Src/stm32h7xx_it.o
                             0x17a302 (size before relaxing)
 .debug_str     0x0017c64b       0x44 ./Core/Startup/startup_stm32h755zitx.o
                                 0x80 (size before relaxing)
 .debug_str     0x0017c68f     0x11b5 ./Drivers/STM32H7xx_HAL_Driver/stm32h7xx_hal.o
                             0x17b940 (size before relaxing)
 .debug_str     0x0017d844      0x305 ./Drivers/STM32H7xx_HAL_Driver/stm32h7xx_hal_cortex.o
                             0x17b1a7 (size before relaxing)
 .debug_str     0x0017db49      0x13a ./Drivers/STM32H7xx_HAL_Driver/stm32h7xx_hal_gpio.o
                             0x17a832 (size before relaxing)
 .debug_str     0x0017dc83      0x215 ./Drivers/STM32H7xx_HAL_Driver/stm32h7xx_hal_hsem.o
                             0x17a4bd (size before relaxing)
 .debug_str     0x0017de98      0xe5b ./Drivers/STM32H7xx_HAL_Driver/stm32h7xx_hal_i2c.o
                             0x17b854 (size before relaxing)
 .debug_str     0x0017ecf3       0xe7 ./Drivers/STM32H7xx_HAL_Driver/stm32h7xx_hal_i2c_ex.o
                             0x17ac01 (size before relaxing)
 .debug_str     0x0017edda      0x848 ./Drivers/STM32H7xx_HAL_Driver/stm32h7xx_hal_pcd.o
                             0x17af70 (size before relaxing)
 .debug_str     0x0017f622      0x19e ./Drivers/STM32H7xx_HAL_Driver/stm32h7xx_hal_pcd_ex.o
                             0x17a90e (size before relaxing)
 .debug_str     0x0017f7c0      0x692 ./Drivers/STM32H7xx_HAL_Driver/stm32h7xx_hal_pwr_ex.o
                             0x17ad3d (size before relaxing)
 .debug_str     0x0017fe52      0x249 ./Drivers/STM32H7xx_HAL_Driver/stm32h7xx_hal_rcc.o
                             0x17abb3 (size before relaxing)
 .debug_str     0x0018009b      0x68c ./Drivers/STM32H7xx_HAL_Driver/stm32h7xx_hal_rcc_ex.o
                             0x17b0e8 (size before relaxing)
 .debug_str     0x00180727      0x564 ./Drivers/STM32H7xx_HAL_Driver/stm32h7xx_hal_spi.o
                             0x17aec4 (size before relaxing)
 .debug_str     0x00180c8b      0xa05 ./Drivers/STM32H7xx_HAL_Driver/stm32h7xx_hal_uart.o
                             0x17b6e1 (size before relaxing)
 .debug_str     0x00181690      0x29c ./Drivers/STM32H7xx_HAL_Driver/stm32h7xx_hal_uart_ex.o
                             0x17aca1 (size before relaxing)
 .debug_str     0x0018192c      0x4d6 ./Drivers/STM32H7xx_HAL_Driver/stm32h7xx_ll_usb.o
                             0x17ae6a (size before relaxing)

.comment        0x00000000       0x43
 .comment       0x00000000       0x43 ./Common/Src/system_stm32h7xx_dualcore_boot_cm4_cm7.o
                                 0x44 (size before relaxing)
 .comment       0x00000043       0x44 ./Core/Src/main.o
 .comment       0x00000043       0x44 ./Core/Src/stm32h7xx_hal_msp.o
 .comment       0x00000043       0x44 ./Core/Src/stm32h7xx_it.o
 .comment       0x00000043       0x44 ./Drivers/STM32H7xx_HAL_Driver/stm32h7xx_hal.o
 .comment       0x00000043       0x44 ./Drivers/STM32H7xx_HAL_Driver/stm32h7xx_hal_cortex.o
 .comment       0x00000043       0x44 ./Drivers/STM32H7xx_HAL_Driver/stm32h7xx_hal_gpio.o
 .comment       0x00000043       0x44 ./Drivers/STM32H7xx_HAL_Driver/stm32h7xx_hal_hsem.o
 .comment       0x00000043       0x44 ./Drivers/STM32H7xx_HAL_Driver/stm32h7xx_hal_i2c.o
 .comment       0x00000043       0x44 ./Drivers/STM32H7xx_HAL_Driver/stm32h7xx_hal_i2c_ex.o
 .comment       0x00000043       0x44 ./Drivers/STM32H7xx_HAL_Driver/stm32h7xx_hal_pcd.o
 .comment       0x00000043       0x44 ./Drivers/STM32H7xx_HAL_Driver/stm32h7xx_hal_pcd_ex.o
 .comment       0x00000043       0x44 ./Drivers/STM32H7xx_HAL_Driver/stm32h7xx_hal_pwr_ex.o
 .comment       0x00000043       0x44 ./Drivers/STM32H7xx_HAL_Driver/stm32h7xx_hal_rcc.o
 .comment       0x00000043       0x44 ./Drivers/STM32H7xx_HAL_Driver/stm32h7xx_hal_rcc_ex.o
 .comment       0x00000043       0x44 ./Drivers/STM32H7xx_HAL_Driver/stm32h7xx_hal_spi.o
 .comment       0x00000043       0x44 ./Drivers/STM32H7xx_HAL_Driver/stm32h7xx_hal_uart.o
 .comment       0x00000043       0x44 ./Drivers/STM32H7xx_HAL_Driver/stm32h7xx_hal_uart_ex.o
 .comment       0x00000043       0x44 ./Drivers/STM32H7xx_HAL_Driver/stm32h7xx_ll_usb.o

.debug_frame    0x00000000     0x53fc
 .debug_frame   0x00000000       0x58 ./Common/Src/system_stm32h7xx_dualcore_boot_cm4_cm7.o
 .debug_frame   0x00000058      0x314 ./Core/Src/main.o
 .debug_frame   0x0000036c      0x168 ./Core/Src/stm32h7xx_hal_msp.o
 .debug_frame   0x000004d4      0x104 ./Core/Src/stm32h7xx_it.o
 .debug_frame   0x000005d8      0x848 ./Drivers/STM32H7xx_HAL_Driver/stm32h7xx_hal.o
 .debug_frame   0x00000e20      0x508 ./Drivers/STM32H7xx_HAL_Driver/stm32h7xx_hal_cortex.o
 .debug_frame   0x00001328      0x14c ./Drivers/STM32H7xx_HAL_Driver/stm32h7xx_hal_gpio.o
 .debug_frame   0x00001474      0x1bc ./Drivers/STM32H7xx_HAL_Driver/stm32h7xx_hal_hsem.o
 .debug_frame   0x00001630      0xc40 ./Drivers/STM32H7xx_HAL_Driver/stm32h7xx_hal_i2c.o
 .debug_frame   0x00002270      0x100 ./Drivers/STM32H7xx_HAL_Driver/stm32h7xx_hal_i2c_ex.o
 .debug_frame   0x00002370      0x590 ./Drivers/STM32H7xx_HAL_Driver/stm32h7xx_hal_pcd.o
 .debug_frame   0x00002900      0x174 ./Drivers/STM32H7xx_HAL_Driver/stm32h7xx_hal_pcd_ex.o
 .debug_frame   0x00002a74      0x5ec ./Drivers/STM32H7xx_HAL_Driver/stm32h7xx_hal_pwr_ex.o
 .debug_frame   0x00003060      0x1f8 ./Drivers/STM32H7xx_HAL_Driver/stm32h7xx_hal_rcc.o
 .debug_frame   0x00003258      0x43c ./Drivers/STM32H7xx_HAL_Driver/stm32h7xx_hal_rcc_ex.o
 .debug_frame   0x00003694      0x7a8 ./Drivers/STM32H7xx_HAL_Driver/stm32h7xx_hal_spi.o
 .debug_frame   0x00003e3c      0xa94 ./Drivers/STM32H7xx_HAL_Driver/stm32h7xx_hal_uart.o
 .debug_frame   0x000048d0      0x2c0 ./Drivers/STM32H7xx_HAL_Driver/stm32h7xx_hal_uart_ex.o
 .debug_frame   0x00004b90      0x7c0 ./Drivers/STM32H7xx_HAL_Driver/stm32h7xx_ll_usb.o
 .debug_frame   0x00005350       0x20 /Applications/STM32CubeIDE.app/Contents/Eclipse/plugins/com.st.stm32cube.ide.mcu.externaltools.gnu-tools-for-stm32.12.3.rel1.macos64_1.0.200.202406191456/tools/bin/../lib/gcc/arm-none-eabi/12.3.1/../../../../arm-none-eabi/lib/thumb/v7e-m+dp/hard/libc_nano.a(libc_a-memset.o)
 .debug_frame   0x00005370       0x2c /Applications/STM32CubeIDE.app/Contents/Eclipse/plugins/com.st.stm32cube.ide.mcu.externaltools.gnu-tools-for-stm32.12.3.rel1.macos64_1.0.200.202406191456/tools/bin/../lib/gcc/arm-none-eabi/12.3.1/../../../../arm-none-eabi/lib/thumb/v7e-m+dp/hard/libc_nano.a(libc_a-init.o)
 .debug_frame   0x0000539c       0x2c /Applications/STM32CubeIDE.app/Contents/Eclipse/plugins/com.st.stm32cube.ide.mcu.externaltools.gnu-tools-for-stm32.12.3.rel1.macos64_1.0.200.202406191456/tools/bin/../lib/gcc/arm-none-eabi/12.3.1/thumb/v7e-m+dp/hard/libgcc.a(_aeabi_uldivmod.o)
 .debug_frame   0x000053c8       0x34 /Applications/STM32CubeIDE.app/Contents/Eclipse/plugins/com.st.stm32cube.ide.mcu.externaltools.gnu-tools-for-stm32.12.3.rel1.macos64_1.0.200.202406191456/tools/bin/../lib/gcc/arm-none-eabi/12.3.1/thumb/v7e-m+dp/hard/libgcc.a(_udivmoddi4.o)

.debug_line_str
                0x00000000       0x64
 .debug_line_str
                0x00000000       0x64 ./Core/Startup/startup_stm32h755zitx.o
