../Core/Src/main.c:233:6:pin_Init	3
../Core/Src/main.c:244:6:pin_SetMode	6
../Core/Src/main.c:278:6:pin_Write	2
../Core/Src/main.c:291:5:pin_Read	1
../Core/Src/main.c:309:6:IOEXP_Init	1
../Core/Src/main.c:334:6:IOEXP_SetModes	2
../Core/Src/main.c:355:6:IOEXP_SetPins	2
../Core/Src/main.c:410:6:TestMode1	1
../Core/Src/main.c:426:6:TestMode2	2
../Core/Src/main.c:458:6:TestMode3	4
../Core/Src/main.c:503:6:TestMode4	2
../Core/Src/main.c:537:6:TestMode5	2
../Core/Src/main.c:571:6:TestMode6	2
../Core/Src/main.c:605:6:TestMode7	2
../Core/Src/main.c:653:5:main	19
../Core/Src/main.c:800:6:SystemClock_Config	4
../Core/Src/main.c:861:13:MX_I2C2_Init	4
../Core/Src/main.c:909:13:MX_SPI1_Init	2
../Core/Src/main.c:957:13:MX_USART1_UART_Init	5
../Core/Src/main.c:1005:13:MX_USB_OTG_FS_PCD_Init	2
../Core/Src/main.c:1041:13:MX_GPIO_Init	1
../Core/Src/main.c:1158:6:MPU_Config	1
../Core/Src/main.c:1189:6:Error_Handler	1
